Archive member included to satisfy reference by file (symbol)

E:\Ayoub_Data\Freelance\Sigma_Embedded\Github_Repo\Sigma_Tech_Projects\UART_Xmodem_Bootloader\Bootloader\STM32_Cryptographic\lib\libSTM32Cryptographic_CM33.a(cmox_hash.c.o)
                              ./STM32_Cryptographic/legacy_v3/src/hash/legacy_v3_sha1.o (cmox_hash_append)
E:\Ayoub_Data\Freelance\Sigma_Embedded\Github_Repo\Sigma_Tech_Projects\UART_Xmodem_Bootloader\Bootloader\STM32_Cryptographic\lib\libSTM32Cryptographic_CM33.a(cmox_sha1.c.o)
                              ./STM32_Cryptographic/legacy_v3/src/hash/legacy_v3_sha1.o (cmox_sha1_construct)
E:\Ayoub_Data\Freelance\Sigma_Embedded\Github_Repo\Sigma_Tech_Projects\UART_Xmodem_Bootloader\Bootloader\STM32_Cryptographic\lib\libSTM32Cryptographic_CM33.a(cmox_sha224.c.o)
                              ./STM32_Cryptographic/legacy_v3/src/hash/legacy_v3_sha224.o (cmox_sha224_construct)
E:\Ayoub_Data\Freelance\Sigma_Embedded\Github_Repo\Sigma_Tech_Projects\UART_Xmodem_Bootloader\Bootloader\STM32_Cryptographic\lib\libSTM32Cryptographic_CM33.a(cmox_sha256.c.o)
                              ./STM32_Cryptographic/legacy_v3/src/hash/legacy_v3_sha256.o (cmox_sha256_construct)
E:\Ayoub_Data\Freelance\Sigma_Embedded\Github_Repo\Sigma_Tech_Projects\UART_Xmodem_Bootloader\Bootloader\STM32_Cryptographic\lib\libSTM32Cryptographic_CM33.a(cmox_sha256_common.c.o)
                              E:\Ayoub_Data\Freelance\Sigma_Embedded\Github_Repo\Sigma_Tech_Projects\UART_Xmodem_Bootloader\Bootloader\STM32_Cryptographic\lib\libSTM32Cryptographic_CM33.a(cmox_sha224.c.o) (CMOX_MD_SHA256_VTABLE_ST)
E:\Ayoub_Data\Freelance\Sigma_Embedded\Github_Repo\Sigma_Tech_Projects\UART_Xmodem_Bootloader\Bootloader\STM32_Cryptographic\lib\libSTM32Cryptographic_CM33.a(cmox_sha384.c.o)
                              ./STM32_Cryptographic/legacy_v3/src/hash/legacy_v3_sha384.o (cmox_sha384_construct)
E:\Ayoub_Data\Freelance\Sigma_Embedded\Github_Repo\Sigma_Tech_Projects\UART_Xmodem_Bootloader\Bootloader\STM32_Cryptographic\lib\libSTM32Cryptographic_CM33.a(cmox_sha512.c.o)
                              ./STM32_Cryptographic/legacy_v3/src/hash/legacy_v3_sha512.o (cmox_sha512_construct)
E:\Ayoub_Data\Freelance\Sigma_Embedded\Github_Repo\Sigma_Tech_Projects\UART_Xmodem_Bootloader\Bootloader\STM32_Cryptographic\lib\libSTM32Cryptographic_CM33.a(cmox_sha512_common.c.o)
                              E:\Ayoub_Data\Freelance\Sigma_Embedded\Github_Repo\Sigma_Tech_Projects\UART_Xmodem_Bootloader\Bootloader\STM32_Cryptographic\lib\libSTM32Cryptographic_CM33.a(cmox_sha384.c.o) (CMOX_MD_SHA512_VTABLE_ST)
E:\Ayoub_Data\Freelance\Sigma_Embedded\Github_Repo\Sigma_Tech_Projects\UART_Xmodem_Bootloader\Bootloader\STM32_Cryptographic\lib\libSTM32Cryptographic_CM33.a(cmox_md.c.o)
                              E:\Ayoub_Data\Freelance\Sigma_Embedded\Github_Repo\Sigma_Tech_Projects\UART_Xmodem_Bootloader\Bootloader\STM32_Cryptographic\lib\libSTM32Cryptographic_CM33.a(cmox_sha1.c.o) (cmox_md_append)
E:\Ayoub_Data\Freelance\Sigma_Embedded\Github_Repo\Sigma_Tech_Projects\UART_Xmodem_Bootloader\Bootloader\STM32_Cryptographic\lib\libSTM32Cryptographic_CM33.a(cmox_init.c.o)
                              E:\Ayoub_Data\Freelance\Sigma_Embedded\Github_Repo\Sigma_Tech_Projects\UART_Xmodem_Bootloader\Bootloader\STM32_Cryptographic\lib\libSTM32Cryptographic_CM33.a(cmox_md.c.o) (cmox_init_ctxi)
c:/st/stm32cubeide_1.11.2/stm32cubeide/plugins/com.st.stm32cube.ide.mcu.externaltools.gnu-tools-for-stm32.10.3-2021.10.win32_1.0.100.202210260954/tools/bin/../lib/gcc/arm-none-eabi/10.3.1/../../../../arm-none-eabi/lib/thumb/v8-m.main+fp/hard\libc_nano.a(lib_a-aeabi_memclr.o)
                              E:\Ayoub_Data\Freelance\Sigma_Embedded\Github_Repo\Sigma_Tech_Projects\UART_Xmodem_Bootloader\Bootloader\STM32_Cryptographic\lib\libSTM32Cryptographic_CM33.a(cmox_md.c.o) (__aeabi_memclr)
c:/st/stm32cubeide_1.11.2/stm32cubeide/plugins/com.st.stm32cube.ide.mcu.externaltools.gnu-tools-for-stm32.10.3-2021.10.win32_1.0.100.202210260954/tools/bin/../lib/gcc/arm-none-eabi/10.3.1/../../../../arm-none-eabi/lib/thumb/v8-m.main+fp/hard\libc_nano.a(lib_a-aeabi_memcpy.o)
                              E:\Ayoub_Data\Freelance\Sigma_Embedded\Github_Repo\Sigma_Tech_Projects\UART_Xmodem_Bootloader\Bootloader\STM32_Cryptographic\lib\libSTM32Cryptographic_CM33.a(cmox_md.c.o) (__aeabi_memcpy)
c:/st/stm32cubeide_1.11.2/stm32cubeide/plugins/com.st.stm32cube.ide.mcu.externaltools.gnu-tools-for-stm32.10.3-2021.10.win32_1.0.100.202210260954/tools/bin/../lib/gcc/arm-none-eabi/10.3.1/../../../../arm-none-eabi/lib/thumb/v8-m.main+fp/hard\libc_nano.a(lib_a-aeabi_memset-soft.o)
                              c:/st/stm32cubeide_1.11.2/stm32cubeide/plugins/com.st.stm32cube.ide.mcu.externaltools.gnu-tools-for-stm32.10.3-2021.10.win32_1.0.100.202210260954/tools/bin/../lib/gcc/arm-none-eabi/10.3.1/../../../../arm-none-eabi/lib/thumb/v8-m.main+fp/hard\libc_nano.a(lib_a-aeabi_memclr.o) (__aeabi_memset)
[...]
Memory Configuration

Name             Origin             Length             Attributes
RAM              0x0000000020000000 0x0000000000030000 xrw
RAM2             0x0000000020030000 0x0000000000010000 xrw
FLASH            0x0000000008000000 0x0000000000080000 xr
*default*        0x0000000000000000 0xffffffffffffffff

Linker script and memory map

LOAD c:/st/stm32cubeide_1.11.2/stm32cubeide/plugins/com.st.stm32cube.ide.mcu.externaltools.gnu-tools-for-stm32.10.3-2021.10.win32_1.0.100.202210260954/tools/bin/../lib/gcc/arm-none-eabi/10.3.1/thumb/v8-m.main+fp/hard/crti.o
LOAD c:/st/stm32cubeide_1.11.2/stm32cubeide/plugins/com.st.stm32cube.ide.mcu.externaltools.gnu-tools-for-stm32.10.3-2021.10.win32_1.0.100.202210260954/tools/bin/../lib/gcc/arm-none-eabi/10.3.1/thumb/v8-m.main+fp/hard/crtbegin.o
LOAD c:/st/stm32cubeide_1.11.2/stm32cubeide/plugins/com.st.stm32cube.ide.mcu.externaltools.gnu-tools-for-stm32.10.3-2021.10.win32_1.0.100.202210260954/tools/bin/../lib/gcc/arm-none-eabi/10.3.1/../../../../arm-none-eabi/lib/thumb/v8-m.main+fp/hard/crt0.o
LOAD ./Core/Src/SIGMA_iflash.o
LOAD ./Core/Src/SIGMA_main.o
LOAD ./Core/Src/SIGMA_uart.o
LOAD ./Core/Src/SIGMA_xmodem.o
LOAD ./Core/Src/hashcheck.o
LOAD ./Core/Src/stm32l5xx_hal_msp.o
LOAD ./Core/Src/stm32l5xx_it.o
LOAD ./Core/Src/syscalls.o
LOAD ./Core/Src/sysmem.o
LOAD ./Core/Src/system_stm32l5xx.o
LOAD ./Core/Startup/startup_stm32l552zetxq.o
LOAD ./Drivers/STM32L5xx_HAL_Driver/Src/stm32l5xx_hal.o
LOAD ./Drivers/STM32L5xx_HAL_Driver/Src/stm32l5xx_hal_cortex.o
LOAD ./Drivers/STM32L5xx_HAL_Driver/Src/stm32l5xx_hal_dma.o
LOAD ./Drivers/STM32L5xx_HAL_Driver/Src/stm32l5xx_hal_dma_ex.o
LOAD ./Drivers/STM32L5xx_HAL_Driver/Src/stm32l5xx_hal_exti.o
LOAD ./Drivers/STM32L5xx_HAL_Driver/Src/stm32l5xx_hal_flash.o
LOAD ./Drivers/STM32L5xx_HAL_Driver/Src/stm32l5xx_hal_flash_ex.o
LOAD ./Drivers/STM32L5xx_HAL_Driver/Src/stm32l5xx_hal_flash_ramfunc.o
LOAD ./Drivers/STM32L5xx_HAL_Driver/Src/stm32l5xx_hal_gpio.o
LOAD ./Drivers/STM32L5xx_HAL_Driver/Src/stm32l5xx_hal_i2c.o
LOAD ./Drivers/STM32L5xx_HAL_Driver/Src/stm32l5xx_hal_i2c_ex.o
LOAD ./Drivers/STM32L5xx_HAL_Driver/Src/stm32l5xx_hal_icache.o
LOAD ./Drivers/STM32L5xx_HAL_Driver/Src/stm32l5xx_hal_pwr.o
LOAD ./Drivers/STM32L5xx_HAL_Driver/Src/stm32l5xx_hal_pwr_ex.o
LOAD ./Drivers/STM32L5xx_HAL_Driver/Src/stm32l5xx_hal_rcc.o
LOAD ./Drivers/STM32L5xx_HAL_Driver/Src/stm32l5xx_hal_rcc_ex.o
LOAD ./Drivers/STM32L5xx_HAL_Driver/Src/stm32l5xx_hal_tim.o
LOAD ./Drivers/STM32L5xx_HAL_Driver/Src/stm32l5xx_hal_tim_ex.o
LOAD ./Drivers/STM32L5xx_HAL_Driver/Src/stm32l5xx_hal_uart.o
LOAD ./Drivers/STM32L5xx_HAL_Driver/Src/stm32l5xx_hal_uart_ex.o
LOAD ./STM32_Cryptographic/legacy_v3/src/hash/legacy_v3_sha1.o
LOAD ./STM32_Cryptographic/legacy_v3/src/hash/legacy_v3_sha224.o
LOAD ./STM32_Cryptographic/legacy_v3/src/hash/legacy_v3_sha256.o
LOAD ./STM32_Cryptographic/legacy_v3/src/hash/legacy_v3_sha384.o
LOAD ./STM32_Cryptographic/legacy_v3/src/hash/legacy_v3_sha512.o
LOAD E:\Ayoub_Data\Freelance\Sigma_Embedded\Github_Repo\Sigma_Tech_Projects\UART_Xmodem_Bootloader\Bootloader\STM32_Cryptographic\lib\libSTM32Cryptographic_CM33.a
START GROUP
LOAD c:/st/stm32cubeide_1.11.2/stm32cubeide/plugins/com.st.stm32cube.ide.mcu.externaltools.gnu-tools-for-stm32.10.3-2021.10.win32_1.0.100.202210260954/tools/bin/../lib/gcc/arm-none-eabi/10.3.1/../../../../arm-none-eabi/lib/thumb/v8-m.main+fp/hard\libc_nano.a
LOAD c:/st/stm32cubeide_1.11.2/stm32cubeide/plugins/com.st.stm32cube.ide.mcu.externaltools.gnu-tools-for-stm32.10.3-2021.10.win32_1.0.100.202210260954/tools/bin/../lib/gcc/arm-none-eabi/10.3.1/../../../../arm-none-eabi/lib/thumb/v8-m.main+fp/hard\libm.a
END GROUP
START GROUP
LOAD c:/st/stm32cubeide_1.11.2/stm32cubeide/plugins/com.st.stm32cube.ide.mcu.externaltools.gnu-tools-for-stm32.10.3-2021.10.win32_1.0.100.202210260954/tools/bin/../lib/gcc/arm-none-eabi/10.3.1/thumb/v8-m.main+fp/hard\libgcc.a
LOAD c:/st/stm32cubeide_1.11.2/stm32cubeide/plugins/com.st.stm32cube.ide.mcu.externaltools.gnu-tools-for-stm32.10.3-2021.10.win32_1.0.100.202210260954/tools/bin/../lib/gcc/arm-none-eabi/10.3.1/../../../../arm-none-eabi/lib/thumb/v8-m.main+fp/hard\libc_nano.a
END GROUP
START GROUP
LOAD c:/st/stm32cubeide_1.11.2/stm32cubeide/plugins/com.st.stm32cube.ide.mcu.externaltools.gnu-tools-for-stm32.10.3-2021.10.win32_1.0.100.202210260954/tools/bin/../lib/gcc/arm-none-eabi/10.3.1/thumb/v8-m.main+fp/hard\libgcc.a
LOAD c:/st/stm32cubeide_1.11.2/stm32cubeide/plugins/com.st.stm32cube.ide.mcu.externaltools.gnu-tools-for-stm32.10.3-2021.10.win32_1.0.100.202210260954/tools/bin/../lib/gcc/arm-none-eabi/10.3.1/../../../../arm-none-eabi/lib/thumb/v8-m.main+fp/hard\libc_nano.a
LOAD c:/st/stm32cubeide_1.11.2/stm32cubeide/plugins/com.st.stm32cube.ide.mcu.externaltools.gnu-tools-for-stm32.10.3-2021.10.win32_1.0.100.202210260954/tools/bin/../lib/gcc/arm-none-eabi/10.3.1/../../../../arm-none-eabi/lib/thumb/v8-m.main+fp/hard\libnosys.a
END GROUP
START GROUP
LOAD c:/st/stm32cubeide_1.11.2/stm32cubeide/plugins/com.st.stm32cube.ide.mcu.externaltools.gnu-tools-for-stm32.10.3-2021.10.win32_1.0.100.202210260954/tools/bin/../lib/gcc/arm-none-eabi/10.3.1/thumb/v8-m.main+fp/hard\libgcc.a
LOAD c:/st/stm32cubeide_1.11.2/stm32cubeide/plugins/com.st.stm32cube.ide.mcu.externaltools.gnu-tools-for-stm32.10.3-2021.10.win32_1.0.100.202210260954/tools/bin/../lib/gcc/arm-none-eabi/10.3.1/../../../../arm-none-eabi/lib/thumb/v8-m.main+fp/hard\libc_nano.a
LOAD c:/st/stm32cubeide_1.11.2/stm32cubeide/plugins/com.st.stm32cube.ide.mcu.externaltools.gnu-tools-for-stm32.10.3-2021.10.win32_1.0.100.202210260954/tools/bin/../lib/gcc/arm-none-eabi/10.3.1/../../../../arm-none-eabi/lib/thumb/v8-m.main+fp/hard\libnosys.a
END GROUP
LOAD c:/st/stm32cubeide_1.11.2/stm32cubeide/plugins/com.st.stm32cube.ide.mcu.externaltools.gnu-tools-for-stm32.10.3-2021.10.win32_1.0.100.202210260954/tools/bin/../lib/gcc/arm-none-eabi/10.3.1/thumb/v8-m.main+fp/hard/crtend.o
LOAD c:/st/stm32cubeide_1.11.2/stm32cubeide/plugins/com.st.stm32cube.ide.mcu.externaltools.gnu-tools-for-stm32.10.3-2021.10.win32_1.0.100.202210260954/tools/bin/../lib/gcc/arm-none-eabi/10.3.1/thumb/v8-m.main+fp/hard/crtn.o
                0x0000000020030000                _estack = (ORIGIN (RAM) + LENGTH (RAM))
                0x0000000000000200                _Min_Heap_Size = 0x200
                0x0000000000000400                _Min_Stack_Size = 0x400

.isr_vector     0x0000000008000000      0x1f4
                0x0000000008000000                . = ALIGN (0x4)
 *(.isr_vector)
 .isr_vector    0x0000000008000000      0x1f4 ./Core/Startup/startup_stm32l552zetxq.o
                0x0000000008000000                g_pfnVectors
                0x00000000080001f4                . = ALIGN (0x4)

.text           0x00000000080001f4     0x5978
                0x00000000080001f4                . = ALIGN (0x4)
 *(.text)
 .text          0x00000000080001f4       0x40 c:/st/stm32cubeide_1.11.2/stm32cubeide/plugins/com.st.stm32cube.ide.mcu.externaltools.gnu-tools-for-stm32.10.3-2021.10.win32_1.0.100.202210260954/tools/bin/../lib/gcc/arm-none-eabi/10.3.1/thumb/v8-m.main+fp/hard/crtbegin.o
 .text          0x0000000008000234       0x20 E:\Ayoub_Data\Freelance\Sigma_Embedded\Github_Repo\Sigma_Tech_Projects\UART_Xmodem_Bootloader\Bootloader\STM32_Cryptographic\lib\libSTM32Cryptographic_CM33.a(cmox_hash.c.o)
                0x0000000008000234                cmox_hash_cleanup
 .text          0x0000000008000254       0x20 E:\Ayoub_Data\Freelance\Sigma_Embedded\Github_Repo\Sigma_Tech_Projects\UART_Xmodem_Bootloader\Bootloader\STM32_Cryptographic\lib\libSTM32Cryptographic_CM33.a(cmox_hash.c.o)
                0x0000000008000254                cmox_hash_init
 .text          0x0000000008000274       0x24 E:\Ayoub_Data\Freelance\Sigma_Embedded\Github_Repo\Sigma_Tech_Projects\UART_Xmodem_Bootloader\Bootloader\STM32_Cryptographic\lib\libSTM32Cryptographic_CM33.a(cmox_hash.c.o)
                0x0000000008000274                cmox_hash_setTagLen
 .text          0x0000000008000298       0x24 E:\Ayoub_Data\Freelance\Sigma_Embedded\Github_Repo\Sigma_Tech_Projects\UART_Xmodem_Bootloader\Bootloader\STM32_Cryptographic\lib\libSTM32Cryptographic_CM33.a(cmox_hash.c.o)
                0x0000000008000298                cmox_hash_append
 .text          0x00000000080002bc       0x24 E:\Ayoub_Data\Freelance\Sigma_Embedded\Github_Repo\Sigma_Tech_Projects\UART_Xmodem_Bootloader\Bootloader\STM32_Cryptographic\lib\libSTM32Cryptographic_CM33.a(cmox_hash.c.o)
                0x00000000080002bc                cmox_hash_generateTag
 .text          0x00000000080002e0       0x5c E:\Ayoub_Data\Freelance\Sigma_Embedded\Github_Repo\Sigma_Tech_Projects\UART_Xmodem_Bootloader\Bootloader\STM32_Cryptographic\lib\libSTM32Cryptographic_CM33.a(cmox_hash.c.o)
                0x00000000080002e0                cmox_hash_common_compute
 .text          0x000000000800033c       0x2c E:\Ayoub_Data\Freelance\Sigma_Embedded\Github_Repo\Sigma_Tech_Projects\UART_Xmodem_Bootloader\Bootloader\STM32_Cryptographic\lib\libSTM32Cryptographic_CM33.a(cmox_sha256.c.o)
 .text          0x0000000008000368       0x44 E:\Ayoub_Data\Freelance\Sigma_Embedded\Github_Repo\Sigma_Tech_Projects\UART_Xmodem_Bootloader\Bootloader\STM32_Cryptographic\lib\libSTM32Cryptographic_CM33.a(cmox_sha256.c.o)
 .text          0x00000000080003ac       0x20 E:\Ayoub_Data\Freelance\Sigma_Embedded\Github_Repo\Sigma_Tech_Projects\UART_Xmodem_Bootloader\Bootloader\STM32_Cryptographic\lib\libSTM32Cryptographic_CM33.a(cmox_sha256.c.o)
 .text          0x00000000080003cc       0x30 E:\Ayoub_Data\Freelance\Sigma_Embedded\Github_Repo\Sigma_Tech_Projects\UART_Xmodem_Bootloader\Bootloader\STM32_Cryptographic\lib\libSTM32Cryptographic_CM33.a(cmox_sha256.c.o)
 .text          0x00000000080003fc       0x30 E:\Ayoub_Data\Freelance\Sigma_Embedded\Github_Repo\Sigma_Tech_Projects\UART_Xmodem_Bootloader\Bootloader\STM32_Cryptographic\lib\libSTM32Cryptographic_CM33.a(cmox_sha256.c.o)
 .text          0x000000000800042c       0x70 E:\Ayoub_Data\Freelance\Sigma_Embedded\Github_Repo\Sigma_Tech_Projects\UART_Xmodem_Bootloader\Bootloader\STM32_Cryptographic\lib\libSTM32Cryptographic_CM33.a(cmox_sha256.c.o)
 .text          0x000000000800049c       0x28 E:\Ayoub_Data\Freelance\Sigma_Embedded\Github_Repo\Sigma_Tech_Projects\UART_Xmodem_Bootloader\Bootloader\STM32_Cryptographic\lib\libSTM32Cryptographic_CM33.a(cmox_sha256.c.o)
                0x000000000800049c                cmox_sha256_construct
 .text          0x00000000080004c4      0x1f4 E:\Ayoub_Data\Freelance\Sigma_Embedded\Github_Repo\Sigma_Tech_Projects\UART_Xmodem_Bootloader\Bootloader\STM32_Cryptographic\lib\libSTM32Cryptographic_CM33.a(cmox_sha256_common.c.o)
 .text          0x00000000080006b8        0x8 E:\Ayoub_Data\Freelance\Sigma_Embedded\Github_Repo\Sigma_Tech_Projects\UART_Xmodem_Bootloader\Bootloader\STM32_Cryptographic\lib\libSTM32Cryptographic_CM33.a(cmox_md.c.o)
                0x00000000080006b8                cmox_md_updateState_small
 .text          0x00000000080006c0       0x54 E:\Ayoub_Data\Freelance\Sigma_Embedded\Github_Repo\Sigma_Tech_Projects\UART_Xmodem_Bootloader\Bootloader\STM32_Cryptographic\lib\libSTM32Cryptographic_CM33.a(cmox_md.c.o)
                0x00000000080006c0                cmox_md_copyLastState_small
 .text          0x0000000008000714       0x1a E:\Ayoub_Data\Freelance\Sigma_Embedded\Github_Repo\Sigma_Tech_Projects\UART_Xmodem_Bootloader\Bootloader\STM32_Cryptographic\lib\libSTM32Cryptographic_CM33.a(cmox_md.c.o)
                0x0000000008000714                cmox_md_padMsgLen_small
 .text          0x000000000800072e        0x8 E:\Ayoub_Data\Freelance\Sigma_Embedded\Github_Repo\Sigma_Tech_Projects\UART_Xmodem_Bootloader\Bootloader\STM32_Cryptographic\lib\libSTM32Cryptographic_CM33.a(cmox_md.c.o)
                0x000000000800072e                cmox_md_construct
 .text          0x0000000008000736       0x1e E:\Ayoub_Data\Freelance\Sigma_Embedded\Github_Repo\Sigma_Tech_Projects\UART_Xmodem_Bootloader\Bootloader\STM32_Cryptographic\lib\libSTM32Cryptographic_CM33.a(cmox_md.c.o)
                0x0000000008000736                cmox_md_init
 .text          0x0000000008000754        0x8 E:\Ayoub_Data\Freelance\Sigma_Embedded\Github_Repo\Sigma_Tech_Projects\UART_Xmodem_Bootloader\Bootloader\STM32_Cryptographic\lib\libSTM32Cryptographic_CM33.a(cmox_md.c.o)
                0x0000000008000754                cmox_md_setTagSize
 .text          0x000000000800075c       0xa8 E:\Ayoub_Data\Freelance\Sigma_Embedded\Github_Repo\Sigma_Tech_Projects\UART_Xmodem_Bootloader\Bootloader\STM32_Cryptographic\lib\libSTM32Cryptographic_CM33.a(cmox_md.c.o)
                0x000000000800075c                cmox_md_append
 .text          0x0000000008000804      0x1a0 E:\Ayoub_Data\Freelance\Sigma_Embedded\Github_Repo\Sigma_Tech_Projects\UART_Xmodem_Bootloader\Bootloader\STM32_Cryptographic\lib\libSTM32Cryptographic_CM33.a(cmox_md.c.o)
                0x0000000008000804                cmox_md_generateTag
 .text          0x00000000080009a4        0x8 E:\Ayoub_Data\Freelance\Sigma_Embedded\Github_Repo\Sigma_Tech_Projects\UART_Xmodem_Bootloader\Bootloader\STM32_Cryptographic\lib\libSTM32Cryptographic_CM33.a(cmox_md.c.o)
 .text          0x00000000080009ac       0x9a c:/st/stm32cubeide_1.11.2/stm32cubeide/plugins/com.st.stm32cube.ide.mcu.externaltools.gnu-tools-for-stm32.10.3-2021.10.win32_1.0.100.202210260954/tools/bin/../lib/gcc/arm-none-eabi/10.3.1/../../../../arm-none-eabi/lib/thumb/v8-m.main+fp/hard\libc_nano.a(lib_a-aeabi_memset-soft.o)
                0x00000000080009ac                __aeabi_memset8
                0x00000000080009ac                __aeabi_memset4
                0x00000000080009ac                __aeabi_memset
 *fill*         0x0000000008000a46        0x2 
 .text          0x0000000008000a48       0x30 c:/st/stm32cubeide_1.11.2/stm32cubeide/plugins/com.st.stm32cube.ide.mcu.externaltools.gnu-tools-for-stm32.10.3-2021.10.win32_1.0.100.202210260954/tools/bin/../lib/gcc/arm-none-eabi/10.3.1/thumb/v8-m.main+fp/hard\libgcc.a(_aeabi_uldivmod.o)
                0x0000000008000a48                __aeabi_uldivmod
 .text          0x0000000008000a78      0x2ec c:/st/stm32cubeide_1.11.2/stm32cubeide/plugins/com.st.stm32cube.ide.mcu.externaltools.gnu-tools-for-stm32.10.3-2021.10.win32_1.0.100.202210260954/tools/bin/../lib/gcc/arm-none-eabi/10.3.1/thumb/v8-m.main+fp/hard\libgcc.a(_udivmoddi4.o)
                0x0000000008000a78                __udivmoddi4
 .text          0x0000000008000d64        0x4 c:/st/stm32cubeide_1.11.2/stm32cubeide/plugins/com.st.stm32cube.ide.mcu.externaltools.gnu-tools-for-stm32.10.3-2021.10.win32_1.0.100.202210260954/tools/bin/../lib/gcc/arm-none-eabi/10.3.1/thumb/v8-m.main+fp/hard\libgcc.a(_dvmd_tls.o)
                0x0000000008000d64                __aeabi_idiv0
                0x0000000008000d64                __aeabi_ldiv0
 *(.text*)
 .text.SIGMA_GetPage
                0x0000000008000d68       0x98 ./Core/Src/SIGMA_iflash.o
 .text.SIGMA_GetBank
                0x0000000008000e00       0x16 ./Core/Src/SIGMA_iflash.o
 *fill*         0x0000000008000e16        0x2 
 .text.SIGMA_Iflash_Erase
                0x0000000008000e18       0xa8 ./Core/Src/SIGMA_iflash.o
                0x0000000008000e18                SIGMA_Iflash_Erase
 .text.SIGMA_Iflash_Write
                0x0000000008000ec0       0x6c ./Core/Src/SIGMA_iflash.o
                0x0000000008000ec0                SIGMA_Iflash_Write
 .text.JumpToAPP
                0x0000000008000f2c       0x60 ./Core/Src/SIGMA_iflash.o
                0x0000000008000f2c                JumpToAPP
 .text.main     0x0000000008000f8c       0xc4 ./Core/Src/SIGMA_main.o
                0x0000000008000f8c                main
 .text.SystemClock_Config
                0x0000000008001050       0xa2 ./Core/Src/SIGMA_main.o
                0x0000000008001050                SystemClock_Config
 *fill*         0x00000000080010f2        0x2 
 .text.MX_LPUART1_UART_Init
                0x00000000080010f4       0x98 ./Core/Src/SIGMA_main.o
 .text.MX_GPIO_Init
                0x000000000800118c       0x48 ./Core/Src/SIGMA_main.o
 .text.Error_Handler
                0x00000000080011d4        0xa ./Core/Src/SIGMA_main.o
                0x00000000080011d4                Error_Handler
 *fill*         0x00000000080011de        0x2 
 .text.SIGMA_Uart_Receive
                0x00000000080011e0       0x38 ./Core/Src/SIGMA_uart.o
                0x00000000080011e0                SIGMA_Uart_Receive
 .text.SIGMA_Uart_Transmit_str
                0x0000000008001218       0x4c ./Core/Src/SIGMA_uart.o
                0x0000000008001218                SIGMA_Uart_Transmit_str
 .text.SIGMA_Uart_Transmit_ch
                0x0000000008001264       0x48 ./Core/Src/SIGMA_uart.o
                0x0000000008001264                SIGMA_Uart_Transmit_ch
 .text.SIGMA_Xmodem_Receive
                0x00000000080012ac      0x118 ./Core/Src/SIGMA_xmodem.o
                0x00000000080012ac                SIGMA_Xmodem_Receive
 .text.SIGMA_Xmodem_receive_packet
                0x00000000080013c4       0xc8 ./Core/Src/SIGMA_xmodem.o
                0x00000000080013c4                SIGMA_Xmodem_receive_packet
 .text.SIGMA_Xmodem_calculate_crc16
                0x000000000800148c       0x7c ./Core/Src/SIGMA_xmodem.o
                0x000000000800148c                SIGMA_Xmodem_calculate_crc16
 .text.SIGMA_Xmodem_send_ack
                0x0000000008001508        0xe ./Core/Src/SIGMA_xmodem.o
                0x0000000008001508                SIGMA_Xmodem_send_ack
 .text.SIGMA_Xmodem_send_nack
                0x0000000008001516        0xe ./Core/Src/SIGMA_xmodem.o
                0x0000000008001516                SIGMA_Xmodem_send_nack
 .text.STM32_SHA256_HASH_DigestCompute
                0x0000000008001524       0x74 ./Core/Src/hashcheck.o
                0x0000000008001524                STM32_SHA256_HASH_DigestCompute
 .text.Fatal_Error_Handler
                0x0000000008001598        0xe ./Core/Src/hashcheck.o
                0x0000000008001598                Fatal_Error_Handler
 *fill*         0x00000000080015a6        0x2 
 .text.FW_Hash_Verify
                0x00000000080015a8       0x8c ./Core/Src/hashcheck.o
                0x00000000080015a8                FW_Hash_Verify
 .text.HAL_MspInit
                0x0000000008001634       0x48 ./Core/Src/stm32l5xx_hal_msp.o
                0x0000000008001634                HAL_MspInit
 .text.HAL_UART_MspInit
                0x000000000800167c       0xd0 ./Core/Src/stm32l5xx_hal_msp.o
                0x000000000800167c                HAL_UART_MspInit
 .text.NMI_Handler
                0x000000000800174c        0x6 ./Core/Src/stm32l5xx_it.o
                0x000000000800174c                NMI_Handler
 .text.HardFault_Handler
                0x0000000008001752        0x6 ./Core/Src/stm32l5xx_it.o
                0x0000000008001752                HardFault_Handler
 .text.MemManage_Handler
                0x0000000008001758        0x6 ./Core/Src/stm32l5xx_it.o
                0x0000000008001758                MemManage_Handler
 .text.BusFault_Handler
                0x000000000800175e        0x6 ./Core/Src/stm32l5xx_it.o
                0x000000000800175e                BusFault_Handler
 .text.UsageFault_Handler
                0x0000000008001764        0x6 ./Core/Src/stm32l5xx_it.o
                0x0000000008001764                UsageFault_Handler
 .text.SVC_Handler
                0x000000000800176a        0xe ./Core/Src/stm32l5xx_it.o
                0x000000000800176a                SVC_Handler
 .text.DebugMon_Handler
                0x0000000008001778        0xe ./Core/Src/stm32l5xx_it.o
                0x0000000008001778                DebugMon_Handler
 .text.PendSV_Handler
                0x0000000008001786        0xe ./Core/Src/stm32l5xx_it.o
                0x0000000008001786                PendSV_Handler
 .text.SysTick_Handler
                0x0000000008001794        0xc ./Core/Src/stm32l5xx_it.o
                0x0000000008001794                SysTick_Handler
 .text.LPUART1_IRQHandler
                0x00000000080017a0       0x14 ./Core/Src/stm32l5xx_it.o
                0x00000000080017a0                LPUART1_IRQHandler
 .text.SystemInit
                0x00000000080017b4       0x24 ./Core/Src/system_stm32l5xx.o
                0x00000000080017b4                SystemInit
 .text.SystemCoreClockUpdate
                0x00000000080017d8      0x15c ./Core/Src/system_stm32l5xx.o
                0x00000000080017d8                SystemCoreClockUpdate
 .text.Reset_Handler
                0x0000000008001934       0x50 ./Core/Startup/startup_stm32l552zetxq.o
                0x0000000008001934                Reset_Handler
 .text.Default_Handler
                0x0000000008001984        0x2 ./Core/Startup/startup_stm32l552zetxq.o
                0x0000000008001984                EXTI2_IRQHandler
                0x0000000008001984                TIM8_TRG_COM_IRQHandler
                0x0000000008001984                TIM8_CC_IRQHandler
                0x0000000008001984                EXTI5_IRQHandler
                0x0000000008001984                FLASH_S_IRQHandler
                0x0000000008001984                EXTI13_IRQHandler
                0x0000000008001984                TIM1_CC_IRQHandler
                0x0000000008001984                TSC_IRQHandler
                0x0000000008001984                TAMP_IRQHandler
                0x0000000008001984                TIM6_IRQHandler
                0x0000000008001984                EXTI12_IRQHandler
                0x0000000008001984                DMA2_Channel8_IRQHandler
                0x0000000008001984                EXTI3_IRQHandler
                0x0000000008001984                EXTI8_IRQHandler
                0x0000000008001984                LPTIM2_IRQHandler
                0x0000000008001984                DFSDM1_FLT1_IRQHandler
                0x0000000008001984                USB_FS_IRQHandler
                0x0000000008001984                I2C3_ER_IRQHandler
                0x0000000008001984                DFSDM1_FLT2_IRQHandler
                0x0000000008001984                DMAMUX1_IRQHandler
                0x0000000008001984                LPTIM3_IRQHandler
                0x0000000008001984                EXTI0_IRQHandler
                0x0000000008001984                I2C2_EV_IRQHandler
                0x0000000008001984                FPU_IRQHandler
                0x0000000008001984                FDCAN1_IT1_IRQHandler
                0x0000000008001984                ADC1_2_IRQHandler
                0x0000000008001984                SPI1_IRQHandler
                0x0000000008001984                OCTOSPI1_IRQHandler
                0x0000000008001984                TIM8_UP_IRQHandler
                0x0000000008001984                RCC_S_IRQHandler
                0x0000000008001984                DMA2_Channel2_IRQHandler
                0x0000000008001984                DMA1_Channel4_IRQHandler
                0x0000000008001984                SAI2_IRQHandler
                0x0000000008001984                DFSDM1_FLT3_IRQHandler
                0x0000000008001984                EXTI15_IRQHandler
                0x0000000008001984                TIM17_IRQHandler
                0x0000000008001984                USART3_IRQHandler
                0x0000000008001984                RTC_IRQHandler
                0x0000000008001984                EXTI9_IRQHandler
                0x0000000008001984                DMA1_Channel7_IRQHandler
                0x0000000008001984                UART5_IRQHandler
                0x0000000008001984                TIM4_IRQHandler
                0x0000000008001984                DMA2_Channel1_IRQHandler
                0x0000000008001984                I2C1_EV_IRQHandler
                0x0000000008001984                DMA1_Channel6_IRQHandler
                0x0000000008001984                TIM16_IRQHandler
                0x0000000008001984                UART4_IRQHandler
                0x0000000008001984                DMA2_Channel4_IRQHandler
                0x0000000008001984                SecureFault_Handler
                0x0000000008001984                TIM3_IRQHandler
                0x0000000008001984                RCC_IRQHandler
                0x0000000008001984                TIM1_TRG_COM_IRQHandler
                0x0000000008001984                DMA1_Channel1_IRQHandler
                0x0000000008001984                Default_Handler
                0x0000000008001984                DMA2_Channel7_IRQHandler
                0x0000000008001984                DMA1_Channel8_IRQHandler
                0x0000000008001984                TIM7_IRQHandler
                0x0000000008001984                SDMMC1_IRQHandler
                0x0000000008001984                TIM5_IRQHandler
                0x0000000008001984                UCPD1_IRQHandler
                0x0000000008001984                TIM15_IRQHandler
                0x0000000008001984                I2C3_EV_IRQHandler
                0x0000000008001984                PVD_PVM_IRQHandler
                0x0000000008001984                SPI2_IRQHandler
                0x0000000008001984                EXTI14_IRQHandler
                0x0000000008001984                EXTI11_IRQHandler
                0x0000000008001984                DMA2_Channel5_IRQHandler
                0x0000000008001984                CRS_IRQHandler
                0x0000000008001984                DMA1_Channel5_IRQHandler
                0x0000000008001984                EXTI4_IRQHandler
                0x0000000008001984                RTC_S_IRQHandler
                0x0000000008001984                RNG_IRQHandler
                0x0000000008001984                DMAMUX1_S_IRQHandler
                0x0000000008001984                DMA1_Channel3_IRQHandler
                0x0000000008001984                COMP_IRQHandler
                0x0000000008001984                TIM1_UP_IRQHandler
                0x0000000008001984                WWDG_IRQHandler
                0x0000000008001984                I2C4_EV_IRQHandler
                0x0000000008001984                DMA2_Channel6_IRQHandler
                0x0000000008001984                FDCAN1_IT0_IRQHandler
                0x0000000008001984                TIM2_IRQHandler
                0x0000000008001984                TAMP_S_IRQHandler
                0x0000000008001984                EXTI7_IRQHandler
                0x0000000008001984                TIM1_BRK_IRQHandler
                0x0000000008001984                DAC_IRQHandler
                0x0000000008001984                EXTI1_IRQHandler
                0x0000000008001984                GTZC_IRQHandler
                0x0000000008001984                USART2_IRQHandler
                0x0000000008001984                DFSDM1_FLT0_IRQHandler
                0x0000000008001984                I2C2_ER_IRQHandler
                0x0000000008001984                DMA1_Channel2_IRQHandler
                0x0000000008001984                TIM8_BRK_IRQHandler
                0x0000000008001984                FLASH_IRQHandler
                0x0000000008001984                USART1_IRQHandler
                0x0000000008001984                EXTI10_IRQHandler
                0x0000000008001984                SPI3_IRQHandler
                0x0000000008001984                I2C1_ER_IRQHandler
                0x0000000008001984                FMC_IRQHandler
                0x0000000008001984                EXTI6_IRQHandler
                0x0000000008001984                LPTIM1_IRQHandler
                0x0000000008001984                I2C4_ER_IRQHandler
                0x0000000008001984                ICACHE_IRQHandler
                0x0000000008001984                SAI1_IRQHandler
                0x0000000008001984                HASH_IRQHandler
                0x0000000008001984                DMA2_Channel3_IRQHandler
 .text.HAL_Init
                0x0000000008001986       0x34 ./Drivers/STM32L5xx_HAL_Driver/Src/stm32l5xx_hal.o
                0x0000000008001986                HAL_Init
 *fill*         0x00000000080019ba        0x2 
 .text.HAL_InitTick
                0x00000000080019bc       0x78 ./Drivers/STM32L5xx_HAL_Driver/Src/stm32l5xx_hal.o
                0x00000000080019bc                HAL_InitTick
 .text.HAL_IncTick
                0x0000000008001a34       0x28 ./Drivers/STM32L5xx_HAL_Driver/Src/stm32l5xx_hal.o
                0x0000000008001a34                HAL_IncTick
 .text.HAL_GetTick
                0x0000000008001a5c       0x18 ./Drivers/STM32L5xx_HAL_Driver/Src/stm32l5xx_hal.o
                0x0000000008001a5c                HAL_GetTick
 .text.HAL_Delay
                0x0000000008001a74       0x48 ./Drivers/STM32L5xx_HAL_Driver/Src/stm32l5xx_hal.o
                0x0000000008001a74                HAL_Delay
 .text.__NVIC_SetPriorityGrouping
                0x0000000008001abc       0x48 ./Drivers/STM32L5xx_HAL_Driver/Src/stm32l5xx_hal_cortex.o
 .text.__NVIC_GetPriorityGrouping
                0x0000000008001b04       0x1c ./Drivers/STM32L5xx_HAL_Driver/Src/stm32l5xx_hal_cortex.o
 .text.__NVIC_EnableIRQ
                0x0000000008001b20       0x3c ./Drivers/STM32L5xx_HAL_Driver/Src/stm32l5xx_hal_cortex.o
 .text.__NVIC_SetPriority
                0x0000000008001b5c       0x54 ./Drivers/STM32L5xx_HAL_Driver/Src/stm32l5xx_hal_cortex.o
 .text.NVIC_EncodePriority
                0x0000000008001bb0       0x66 ./Drivers/STM32L5xx_HAL_Driver/Src/stm32l5xx_hal_cortex.o
 *fill*         0x0000000008001c16        0x2 
 .text.SysTick_Config
                0x0000000008001c18       0x44 ./Drivers/STM32L5xx_HAL_Driver/Src/stm32l5xx_hal_cortex.o
 .text.HAL_NVIC_SetPriorityGrouping
                0x0000000008001c5c       0x16 ./Drivers/STM32L5xx_HAL_Driver/Src/stm32l5xx_hal_cortex.o
                0x0000000008001c5c                HAL_NVIC_SetPriorityGrouping
 .text.HAL_NVIC_SetPriority
                0x0000000008001c72       0x34 ./Drivers/STM32L5xx_HAL_Driver/Src/stm32l5xx_hal_cortex.o
                0x0000000008001c72                HAL_NVIC_SetPriority
 .text.HAL_NVIC_EnableIRQ
                0x0000000008001ca6       0x1c ./Drivers/STM32L5xx_HAL_Driver/Src/stm32l5xx_hal_cortex.o
                0x0000000008001ca6                HAL_NVIC_EnableIRQ
 .text.HAL_SYSTICK_Config
                0x0000000008001cc2       0x18 ./Drivers/STM32L5xx_HAL_Driver/Src/stm32l5xx_hal_cortex.o
                0x0000000008001cc2                HAL_SYSTICK_Config
 .text.HAL_DMA_Abort
                0x0000000008001cda       0xb8 ./Drivers/STM32L5xx_HAL_Driver/Src/stm32l5xx_hal_dma.o
                0x0000000008001cda                HAL_DMA_Abort
 .text.HAL_DMA_Abort_IT
                0x0000000008001d92       0xbe ./Drivers/STM32L5xx_HAL_Driver/Src/stm32l5xx_hal_dma.o
                0x0000000008001d92                HAL_DMA_Abort_IT
 .text.HAL_DMA_GetError
                0x0000000008001e50       0x18 ./Drivers/STM32L5xx_HAL_Driver/Src/stm32l5xx_hal_dma.o
                0x0000000008001e50                HAL_DMA_GetError
 .text.HAL_FLASH_Program
                0x0000000008001e68       0x84 ./Drivers/STM32L5xx_HAL_Driver/Src/stm32l5xx_hal_flash.o
                0x0000000008001e68                HAL_FLASH_Program
 .text.HAL_FLASH_Unlock
                0x0000000008001eec       0x44 ./Drivers/STM32L5xx_HAL_Driver/Src/stm32l5xx_hal_flash.o
                0x0000000008001eec                HAL_FLASH_Unlock
 .text.HAL_FLASH_Lock
                0x0000000008001f30       0x34 ./Drivers/STM32L5xx_HAL_Driver/Src/stm32l5xx_hal_flash.o
                0x0000000008001f30                HAL_FLASH_Lock
 .text.FLASH_WaitForLastOperation
                0x0000000008001f64       0x90 ./Drivers/STM32L5xx_HAL_Driver/Src/stm32l5xx_hal_flash.o
                0x0000000008001f64                FLASH_WaitForLastOperation
 .text.FLASH_Program_DoubleWord
                0x0000000008001ff4       0x6c ./Drivers/STM32L5xx_HAL_Driver/Src/stm32l5xx_hal_flash.o
 .text.HAL_FLASHEx_Erase
                0x0000000008002060       0xe0 ./Drivers/STM32L5xx_HAL_Driver/Src/stm32l5xx_hal_flash_ex.o
                0x0000000008002060                HAL_FLASHEx_Erase
 .text.FLASH_MassErase
                0x0000000008002140       0x78 ./Drivers/STM32L5xx_HAL_Driver/Src/stm32l5xx_hal_flash_ex.o
 .text.FLASH_PageErase
                0x00000000080021b8       0x88 ./Drivers/STM32L5xx_HAL_Driver/Src/stm32l5xx_hal_flash_ex.o
                0x00000000080021b8                FLASH_PageErase
 .text.HAL_GPIO_Init
                0x0000000008002240      0x300 ./Drivers/STM32L5xx_HAL_Driver/Src/stm32l5xx_hal_gpio.o
                0x0000000008002240                HAL_GPIO_Init
 .text.HAL_PWREx_GetVoltageRange
                0x0000000008002540       0x1c ./Drivers/STM32L5xx_HAL_Driver/Src/stm32l5xx_hal_pwr_ex.o
                0x0000000008002540                HAL_PWREx_GetVoltageRange
 .text.HAL_PWREx_ControlVoltageScaling
                0x000000000800255c       0xb8 ./Drivers/STM32L5xx_HAL_Driver/Src/stm32l5xx_hal_pwr_ex.o
                0x000000000800255c                HAL_PWREx_ControlVoltageScaling
 .text.HAL_PWREx_EnableVddIO2
                0x0000000008002614       0x20 ./Drivers/STM32L5xx_HAL_Driver/Src/stm32l5xx_hal_pwr_ex.o
                0x0000000008002614                HAL_PWREx_EnableVddIO2
 .text.HAL_PWREx_SMPS_GetEffectiveMode
                0x0000000008002634       0x48 ./Drivers/STM32L5xx_HAL_Driver/Src/stm32l5xx_hal_pwr_ex.o
                0x0000000008002634                HAL_PWREx_SMPS_GetEffectiveMode
 .text.HAL_RCC_OscConfig
                0x000000000800267c      0x9ac ./Drivers/STM32L5xx_HAL_Driver/Src/stm32l5xx_hal_rcc.o
                0x000000000800267c                HAL_RCC_OscConfig
 .text.HAL_RCC_ClockConfig
                0x0000000008003028      0x270 ./Drivers/STM32L5xx_HAL_Driver/Src/stm32l5xx_hal_rcc.o
                0x0000000008003028                HAL_RCC_ClockConfig
 .text.HAL_RCC_GetSysClockFreq
                0x0000000008003298      0x13c ./Drivers/STM32L5xx_HAL_Driver/Src/stm32l5xx_hal_rcc.o
                0x0000000008003298                HAL_RCC_GetSysClockFreq
 .text.HAL_RCC_GetHCLKFreq
                0x00000000080033d4       0x28 ./Drivers/STM32L5xx_HAL_Driver/Src/stm32l5xx_hal_rcc.o
                0x00000000080033d4                HAL_RCC_GetHCLKFreq
 .text.HAL_RCC_GetPCLK1Freq
                0x00000000080033fc       0x28 ./Drivers/STM32L5xx_HAL_Driver/Src/stm32l5xx_hal_rcc.o
                0x00000000080033fc                HAL_RCC_GetPCLK1Freq
 .text.HAL_RCC_GetPCLK2Freq
                0x0000000008003424       0x28 ./Drivers/STM32L5xx_HAL_Driver/Src/stm32l5xx_hal_rcc.o
                0x0000000008003424                HAL_RCC_GetPCLK2Freq
 .text.RCC_SetFlashLatencyFromMSIRange
                0x000000000800344c       0xc8 ./Drivers/STM32L5xx_HAL_Driver/Src/stm32l5xx_hal_rcc.o
 .text.RCC_GetSysClockFreqFromPLLSource
                0x0000000008003514       0xdc ./Drivers/STM32L5xx_HAL_Driver/Src/stm32l5xx_hal_rcc.o
 .text.HAL_RCCEx_PeriphCLKConfig
                0x00000000080035f0      0x708 ./Drivers/STM32L5xx_HAL_Driver/Src/stm32l5xx_hal_rcc_ex.o
                0x00000000080035f0                HAL_RCCEx_PeriphCLKConfig
 .text.RCCEx_PLLSAI1_Config
                0x0000000008003cf8      0x1cc ./Drivers/STM32L5xx_HAL_Driver/Src/stm32l5xx_hal_rcc_ex.o
 .text.RCCEx_PLLSAI2_Config
                0x0000000008003ec4      0x158 ./Drivers/STM32L5xx_HAL_Driver/Src/stm32l5xx_hal_rcc_ex.o
 .text.HAL_UART_Init
                0x000000000800401c       0xa0 ./Drivers/STM32L5xx_HAL_Driver/Src/stm32l5xx_hal_uart.o
                0x000000000800401c                HAL_UART_Init
 .text.HAL_UART_Transmit
                0x00000000080040bc      0x11c ./Drivers/STM32L5xx_HAL_Driver/Src/stm32l5xx_hal_uart.o
                0x00000000080040bc                HAL_UART_Transmit
 .text.HAL_UART_Receive
                0x00000000080041d8      0x190 ./Drivers/STM32L5xx_HAL_Driver/Src/stm32l5xx_hal_uart.o
                0x00000000080041d8                HAL_UART_Receive
 .text.HAL_UART_Abort
                0x0000000008004368      0x21a ./Drivers/STM32L5xx_HAL_Driver/Src/stm32l5xx_hal_uart.o
                0x0000000008004368                HAL_UART_Abort
 *fill*         0x0000000008004582        0x2 
 .text.HAL_UART_IRQHandler
                0x0000000008004584      0x648 ./Drivers/STM32L5xx_HAL_Driver/Src/stm32l5xx_hal_uart.o
                0x0000000008004584                HAL_UART_IRQHandler
 .text.HAL_UART_TxCpltCallback
                0x0000000008004bcc       0x14 ./Drivers/STM32L5xx_HAL_Driver/Src/stm32l5xx_hal_uart.o
                0x0000000008004bcc                HAL_UART_TxCpltCallback
 .text.HAL_UART_ErrorCallback
                0x0000000008004be0       0x14 ./Drivers/STM32L5xx_HAL_Driver/Src/stm32l5xx_hal_uart.o
                0x0000000008004be0                HAL_UART_ErrorCallback
 .text.HAL_UARTEx_RxEventCallback
                0x0000000008004bf4       0x18 ./Drivers/STM32L5xx_HAL_Driver/Src/stm32l5xx_hal_uart.o
                0x0000000008004bf4                HAL_UARTEx_RxEventCallback
 .text.HAL_UART_GetState
                0x0000000008004c0c       0x2a ./Drivers/STM32L5xx_HAL_Driver/Src/stm32l5xx_hal_uart.o
                0x0000000008004c0c                HAL_UART_GetState
 *fill*         0x0000000008004c36        0x2 
 .text.UART_SetConfig
                0x0000000008004c38      0x600 ./Drivers/STM32L5xx_HAL_Driver/Src/stm32l5xx_hal_uart.o
                0x0000000008004c38                UART_SetConfig
 .text.UART_AdvFeatureConfig
                0x0000000008005238      0x144 ./Drivers/STM32L5xx_HAL_Driver/Src/stm32l5xx_hal_uart.o
                0x0000000008005238                UART_AdvFeatureConfig
 .text.UART_CheckIdleState
                0x000000000800537c      0x154 ./Drivers/STM32L5xx_HAL_Driver/Src/stm32l5xx_hal_uart.o
                0x000000000800537c                UART_CheckIdleState
 .text.UART_WaitOnFlagUntilTimeout
                0x00000000080054d0       0xda ./Drivers/STM32L5xx_HAL_Driver/Src/stm32l5xx_hal_uart.o
                0x00000000080054d0                UART_WaitOnFlagUntilTimeout
 .text.UART_EndRxTransfer
                0x00000000080055aa       0xcc ./Drivers/STM32L5xx_HAL_Driver/Src/stm32l5xx_hal_uart.o
 .text.UART_DMAAbortOnError
                0x0000000008005676       0x2c ./Drivers/STM32L5xx_HAL_Driver/Src/stm32l5xx_hal_uart.o
 .text.UART_EndTransmit_IT
                0x00000000080056a2       0x56 ./Drivers/STM32L5xx_HAL_Driver/Src/stm32l5xx_hal_uart.o
 .text.HAL_UARTEx_WakeupCallback
                0x00000000080056f8       0x14 ./Drivers/STM32L5xx_HAL_Driver/Src/stm32l5xx_hal_uart_ex.o
                0x00000000080056f8                HAL_UARTEx_WakeupCallback
 .text.HAL_UARTEx_RxFifoFullCallback
                0x000000000800570c       0x14 ./Drivers/STM32L5xx_HAL_Driver/Src/stm32l5xx_hal_uart_ex.o
                0x000000000800570c                HAL_UARTEx_RxFifoFullCallback
 .text.HAL_UARTEx_TxFifoEmptyCallback
                0x0000000008005720       0x14 ./Drivers/STM32L5xx_HAL_Driver/Src/stm32l5xx_hal_uart_ex.o
                0x0000000008005720                HAL_UARTEx_TxFifoEmptyCallback
 .text.HAL_UARTEx_DisableFifoMode
                0x0000000008005734       0x72 ./Drivers/STM32L5xx_HAL_Driver/Src/stm32l5xx_hal_uart_ex.o
                0x0000000008005734                HAL_UARTEx_DisableFifoMode
 .text.HAL_UARTEx_SetTxFifoThreshold
                0x00000000080057a6       0x7c ./Drivers/STM32L5xx_HAL_Driver/Src/stm32l5xx_hal_uart_ex.o
                0x00000000080057a6                HAL_UARTEx_SetTxFifoThreshold
 .text.HAL_UARTEx_SetRxFifoThreshold
                0x0000000008005822       0x7c ./Drivers/STM32L5xx_HAL_Driver/Src/stm32l5xx_hal_uart_ex.o
                0x0000000008005822                HAL_UARTEx_SetRxFifoThreshold
 *fill*         0x000000000800589e        0x2 
 .text.UARTEx_SetNbDataToProcess
                0x00000000080058a0       0x9c ./Drivers/STM32L5xx_HAL_Driver/Src/stm32l5xx_hal_uart_ex.o
 .text.SHA256_Init
                0x000000000800593c       0x64 ./STM32_Cryptographic/legacy_v3/src/hash/legacy_v3_sha256.o
                0x000000000800593c                SHA256_Init
 .text.SHA256_Append
                0x00000000080059a0       0x6c ./STM32_Cryptographic/legacy_v3/src/hash/legacy_v3_sha256.o
                0x00000000080059a0                SHA256_Append
 .text.SHA256_Finish
                0x0000000008005a0c       0xa8 ./STM32_Cryptographic/legacy_v3/src/hash/legacy_v3_sha256.o
                0x0000000008005a0c                SHA256_Finish
 .text.__aeabi_memclr
                0x0000000008005ab4        0x6 c:/st/stm32cubeide_1.11.2/stm32cubeide/plugins/com.st.stm32cube.ide.mcu.externaltools.gnu-tools-for-stm32.10.3-2021.10.win32_1.0.100.202210260954/tools/bin/../lib/gcc/arm-none-eabi/10.3.1/../../../../arm-none-eabi/lib/thumb/v8-m.main+fp/hard\libc_nano.a(lib_a-aeabi_memclr.o)
                0x0000000008005ab4                __aeabi_memclr
                0x0000000008005ab4                __aeabi_memclr4
                0x0000000008005ab4                __aeabi_memclr8
 .text.__aeabi_memcpy
                0x0000000008005aba        0x4 c:/st/stm32cubeide_1.11.2/stm32cubeide/plugins/com.st.stm32cube.ide.mcu.externaltools.gnu-tools-for-stm32.10.3-2021.10.win32_1.0.100.202210260954/tools/bin/../lib/gcc/arm-none-eabi/10.3.1/../../../../arm-none-eabi/lib/thumb/v8-m.main+fp/hard\libc_nano.a(lib_a-aeabi_memcpy.o)
                0x0000000008005aba                __aeabi_memcpy4
                0x0000000008005aba                __aeabi_memcpy8
                0x0000000008005aba                __aeabi_memcpy
 *fill*         0x0000000008005abe        0x2 
 .text.__libc_init_array
                0x0000000008005ac0       0x48 c:/st/stm32cubeide_1.11.2/stm32cubeide/plugins/com.st.stm32cube.ide.mcu.externaltools.gnu-tools-for-stm32.10.3-2021.10.win32_1.0.100.202210260954/tools/bin/../lib/gcc/arm-none-eabi/10.3.1/../../../../arm-none-eabi/lib/thumb/v8-m.main+fp/hard\libc_nano.a(lib_a-init.o)
                0x0000000008005ac0                __libc_init_array
 .text.memcmp   0x0000000008005b08       0x20 c:/st/stm32cubeide_1.11.2/stm32cubeide/plugins/com.st.stm32cube.ide.mcu.externaltools.gnu-tools-for-stm32.10.3-2021.10.win32_1.0.100.202210260954/tools/bin/../lib/gcc/arm-none-eabi/10.3.1/../../../../arm-none-eabi/lib/thumb/v8-m.main+fp/hard\libc_nano.a(lib_a-memcmp.o)
                0x0000000008005b08                memcmp
 .text.memcpy   0x0000000008005b28       0x1a c:/st/stm32cubeide_1.11.2/stm32cubeide/plugins/com.st.stm32cube.ide.mcu.externaltools.gnu-tools-for-stm32.10.3-2021.10.win32_1.0.100.202210260954/tools/bin/../lib/gcc/arm-none-eabi/10.3.1/../../../../arm-none-eabi/lib/thumb/v8-m.main+fp/hard\libc_nano.a(lib_a-memcpy-stub.o)
                0x0000000008005b28                memcpy
 .text.memset   0x0000000008005b42       0x10 c:/st/stm32cubeide_1.11.2/stm32cubeide/plugins/com.st.stm32cube.ide.mcu.externaltools.gnu-tools-for-stm32.10.3-2021.10.win32_1.0.100.202210260954/tools/bin/../lib/gcc/arm-none-eabi/10.3.1/../../../../arm-none-eabi/lib/thumb/v8-m.main+fp/hard\libc_nano.a(lib_a-memset.o)
                0x0000000008005b42                memset
 *(.glue_7)
 .glue_7        0x0000000008005b52        0x0 linker stubs
 *(.glue_7t)
 .glue_7t       0x0000000008005b52        0x0 linker stubs
 *(.eh_frame)
 *fill*         0x0000000008005b52        0x2 
 .eh_frame      0x0000000008005b54        0x0 c:/st/stm32cubeide_1.11.2/stm32cubeide/plugins/com.st.stm32cube.ide.mcu.externaltools.gnu-tools-for-stm32.10.3-2021.10.win32_1.0.100.202210260954/tools/bin/../lib/gcc/arm-none-eabi/10.3.1/thumb/v8-m.main+fp/hard/crtbegin.o
 *(.init)
 .init          0x0000000008005b54        0x4 c:/st/stm32cubeide_1.11.2/stm32cubeide/plugins/com.st.stm32cube.ide.mcu.externaltools.gnu-tools-for-stm32.10.3-2021.10.win32_1.0.100.202210260954/tools/bin/../lib/gcc/arm-none-eabi/10.3.1/thumb/v8-m.main+fp/hard/crti.o
                0x0000000008005b54                _init
 .init          0x0000000008005b58        0x8 c:/st/stm32cubeide_1.11.2/stm32cubeide/plugins/com.st.stm32cube.ide.mcu.externaltools.gnu-tools-for-stm32.10.3-2021.10.win32_1.0.100.202210260954/tools/bin/../lib/gcc/arm-none-eabi/10.3.1/thumb/v8-m.main+fp/hard/crtn.o
 *(.fini)
 .fini          0x0000000008005b60        0x4 c:/st/stm32cubeide_1.11.2/stm32cubeide/plugins/com.st.stm32cube.ide.mcu.externaltools.gnu-tools-for-stm32.10.3-2021.10.win32_1.0.100.202210260954/tools/bin/../lib/gcc/arm-none-eabi/10.3.1/thumb/v8-m.main+fp/hard/crti.o
                0x0000000008005b60                _fini
 .fini          0x0000000008005b64        0x8 c:/st/stm32cubeide_1.11.2/stm32cubeide/plugins/com.st.stm32cube.ide.mcu.externaltools.gnu-tools-for-stm32.10.3-2021.10.win32_1.0.100.202210260954/tools/bin/../lib/gcc/arm-none-eabi/10.3.1/thumb/v8-m.main+fp/hard/crtn.o
                0x0000000008005b6c                . = ALIGN (0x4)
                0x0000000008005b6c                _etext = .

.vfp11_veneer   0x0000000008005b6c        0x0
 .vfp11_veneer  0x0000000008005b6c        0x0 linker stubs

.v4_bx          0x0000000008005b6c        0x0
 .v4_bx         0x0000000008005b6c        0x0 linker stubs

.iplt           0x0000000008005b6c        0x0
 .iplt          0x0000000008005b6c        0x0 c:/st/stm32cubeide_1.11.2/stm32cubeide/plugins/com.st.stm32cube.ide.mcu.externaltools.gnu-tools-for-stm32.10.3-2021.10.win32_1.0.100.202210260954/tools/bin/../lib/gcc/arm-none-eabi/10.3.1/thumb/v8-m.main+fp/hard/crtbegin.o

.rodata         0x0000000008005b6c      0x2e0
                0x0000000008005b6c                . = ALIGN (0x4)
 *(.rodata)
 .rodata        0x0000000008005b6c      0x130 ./Core/Src/SIGMA_main.o
 .rodata        0x0000000008005c9c       0x16 ./Core/Src/SIGMA_xmodem.o
 *fill*         0x0000000008005cb2        0x2 
 .rodata        0x0000000008005cb4      0x100 E:\Ayoub_Data\Freelance\Sigma_Embedded\Github_Repo\Sigma_Tech_Projects\UART_Xmodem_Bootloader\Bootloader\STM32_Cryptographic\lib\libSTM32Cryptographic_CM33.a(cmox_sha256_common.c.o)
 .rodata        0x0000000008005db4       0x10 E:\Ayoub_Data\Freelance\Sigma_Embedded\Github_Repo\Sigma_Tech_Projects\UART_Xmodem_Bootloader\Bootloader\STM32_Cryptographic\lib\libSTM32Cryptographic_CM33.a(cmox_sha256_common.c.o)
                0x0000000008005db4                CMOX_MD_SHA256_VTABLE_ST
 .rodata        0x0000000008005dc4        0x8 E:\Ayoub_Data\Freelance\Sigma_Embedded\Github_Repo\Sigma_Tech_Projects\UART_Xmodem_Bootloader\Bootloader\STM32_Cryptographic\lib\libSTM32Cryptographic_CM33.a(cmox_init.c.o)
                0x0000000008005dc4                cmox_table
 *(.rodata*)
 .rodata.AHBPrescTable
                0x0000000008005dcc       0x10 ./Core/Src/system_stm32l5xx.o
                0x0000000008005dcc                AHBPrescTable
 .rodata.APBPrescTable
                0x0000000008005ddc        0x8 ./Core/Src/system_stm32l5xx.o
                0x0000000008005ddc                APBPrescTable
 .rodata.MSIRangeTable
                0x0000000008005de4       0x40 ./Core/Src/system_stm32l5xx.o
                0x0000000008005de4                MSIRangeTable
 .rodata.UARTPrescTable
                0x0000000008005e24       0x18 ./Drivers/STM32L5xx_HAL_Driver/Src/stm32l5xx_hal_uart.o
                0x0000000008005e24                UARTPrescTable
 .rodata.numerator.1
                0x0000000008005e3c        0x8 ./Drivers/STM32L5xx_HAL_Driver/Src/stm32l5xx_hal_uart_ex.o
 .rodata.denominator.0
                0x0000000008005e44        0x8 ./Drivers/STM32L5xx_HAL_Driver/Src/stm32l5xx_hal_uart_ex.o
                0x0000000008005e4c                . = ALIGN (0x4)

.ARM.extab      0x0000000008005e4c        0x0
                0x0000000008005e4c                . = ALIGN (0x4)
 *(.ARM.extab* .gnu.linkonce.armextab.*)
                0x0000000008005e4c                . = ALIGN (0x4)

.ARM            0x0000000008005e4c        0x8
                0x0000000008005e4c                . = ALIGN (0x4)
                0x0000000008005e4c                __exidx_start = .
 *(.ARM.exidx*)
 .ARM.exidx     0x0000000008005e4c        0x8 c:/st/stm32cubeide_1.11.2/stm32cubeide/plugins/com.st.stm32cube.ide.mcu.externaltools.gnu-tools-for-stm32.10.3-2021.10.win32_1.0.100.202210260954/tools/bin/../lib/gcc/arm-none-eabi/10.3.1/thumb/v8-m.main+fp/hard\libgcc.a(_udivmoddi4.o)
                0x0000000008005e54                __exidx_end = .
                0x0000000008005e54                . = ALIGN (0x4)

.rel.dyn        0x0000000008005e54        0x0
 .rel.iplt      0x0000000008005e54        0x0 c:/st/stm32cubeide_1.11.2/stm32cubeide/plugins/com.st.stm32cube.ide.mcu.externaltools.gnu-tools-for-stm32.10.3-2021.10.win32_1.0.100.202210260954/tools/bin/../lib/gcc/arm-none-eabi/10.3.1/thumb/v8-m.main+fp/hard/crtbegin.o

.preinit_array  0x0000000008005e54        0x0
                0x0000000008005e54                . = ALIGN (0x4)
                0x0000000008005e54                PROVIDE (__preinit_array_start = .)
 *(.preinit_array*)
                0x0000000008005e54                PROVIDE (__preinit_array_end = .)
                0x0000000008005e54                . = ALIGN (0x4)

.init_array     0x0000000008005e54        0x4
                0x0000000008005e54                . = ALIGN (0x4)
                0x0000000008005e54                PROVIDE (__init_array_start = .)
 *(SORT_BY_NAME(.init_array.*))
 *(.init_array*)
 .init_array    0x0000000008005e54        0x4 c:/st/stm32cubeide_1.11.2/stm32cubeide/plugins/com.st.stm32cube.ide.mcu.externaltools.gnu-tools-for-stm32.10.3-2021.10.win32_1.0.100.202210260954/tools/bin/../lib/gcc/arm-none-eabi/10.3.1/thumb/v8-m.main+fp/hard/crtbegin.o
                0x0000000008005e58                PROVIDE (__init_array_end = .)
                0x0000000008005e58                . = ALIGN (0x4)

.fini_array     0x0000000008005e58        0x4
                0x0000000008005e58                . = ALIGN (0x4)
                [!provide]                        PROVIDE (__fini_array_start = .)
 *(SORT_BY_NAME(.fini_array.*))
 *(.fini_array*)
 .fini_array    0x0000000008005e58        0x4 c:/st/stm32cubeide_1.11.2/stm32cubeide/plugins/com.st.stm32cube.ide.mcu.externaltools.gnu-tools-for-stm32.10.3-2021.10.win32_1.0.100.202210260954/tools/bin/../lib/gcc/arm-none-eabi/10.3.1/thumb/v8-m.main+fp/hard/crtbegin.o
                [!provide]                        PROVIDE (__fini_array_end = .)
                0x0000000008005e5c                . = ALIGN (0x4)
                0x0000000008005e5c                _sidata = LOADADDR (.data)

.data           0x0000000020000000       0x28 load address 0x0000000008005e5c
                0x0000000020000000                . = ALIGN (0x4)
                0x0000000020000000                _sdata = .
 *(.data)
 *(.data*)
 .data.SystemCoreClock
                0x0000000020000000        0x4 ./Core/Src/system_stm32l5xx.o
                0x0000000020000000                SystemCoreClock
 .data.uwTickPrio
                0x0000000020000004        0x4 ./Drivers/STM32L5xx_HAL_Driver/Src/stm32l5xx_hal.o
                0x0000000020000004                uwTickPrio
 .data.uwTickFreq
                0x0000000020000008        0x1 ./Drivers/STM32L5xx_HAL_Driver/Src/stm32l5xx_hal.o
                0x0000000020000008                uwTickFreq
 *fill*         0x0000000020000009        0x3 
 .data.pFlash   0x000000002000000c       0x1c ./Drivers/STM32L5xx_HAL_Driver/Src/stm32l5xx_hal_flash.o
                0x000000002000000c                pFlash
 *(.RamFunc)
 *(.RamFunc*)
                0x0000000020000028                . = ALIGN (0x4)
                0x0000000020000028                _edata = .

.igot.plt       0x0000000020000028        0x0 load address 0x0000000008005e84
 .igot.plt      0x0000000020000028        0x0 c:/st/stm32cubeide_1.11.2/stm32cubeide/plugins/com.st.stm32cube.ide.mcu.externaltools.gnu-tools-for-stm32.10.3-2021.10.win32_1.0.100.202210260954/tools/bin/../lib/gcc/arm-none-eabi/10.3.1/thumb/v8-m.main+fp/hard/crtbegin.o
                0x0000000020000028                . = ALIGN (0x4)

.bss            0x0000000020000028      0x4d0 load address 0x0000000008005e84
                0x0000000020000028                _sbss = .
                0x0000000020000028                __bss_start__ = _sbss
 *(.bss)
 .bss           0x0000000020000028       0x1c c:/st/stm32cubeide_1.11.2/stm32cubeide/plugins/com.st.stm32cube.ide.mcu.externaltools.gnu-tools-for-stm32.10.3-2021.10.win32_1.0.100.202210260954/tools/bin/../lib/gcc/arm-none-eabi/10.3.1/thumb/v8-m.main+fp/hard/crtbegin.o
 .bss           0x0000000020000044        0x1 E:\Ayoub_Data\Freelance\Sigma_Embedded\Github_Repo\Sigma_Tech_Projects\UART_Xmodem_Bootloader\Bootloader\STM32_Cryptographic\lib\libSTM32Cryptographic_CM33.a(cmox_init.c.o)
                0x0000000020000044                cmox_init_ctxi
 *(.bss*)
 *fill*         0x0000000020000045        0x3 
 .bss.JumpToApplication
                0x0000000020000048        0x4 ./Core/Src/SIGMA_iflash.o
                0x0000000020000048                JumpToApplication
 .bss.FirstPage
                0x000000002000004c        0x4 ./Core/Src/SIGMA_iflash.o
                0x000000002000004c                FirstPage
 .bss.LastPage  0x0000000020000050        0x4 ./Core/Src/SIGMA_iflash.o
                0x0000000020000050                LastPage
 .bss.NbOfPages
                0x0000000020000054        0x4 ./Core/Src/SIGMA_iflash.o
                0x0000000020000054                NbOfPages
 .bss.BankNumber
                0x0000000020000058        0x4 ./Core/Src/SIGMA_iflash.o
                0x0000000020000058                BankNumber
 .bss.hlpuart1  0x000000002000005c       0x94 ./Core/Src/SIGMA_main.o
                0x000000002000005c                hlpuart1
 .bss.Serial_CMD
                0x00000000200000f0        0x1 ./Core/Src/SIGMA_main.o
 .bss.Secure_Boot
                0x00000000200000f1        0x1 ./Core/Src/SIGMA_main.o
 *fill*         0x00000000200000f2        0x2 
 .bss.packet_data
                0x00000000200000f4      0x400 ./Core/Src/SIGMA_xmodem.o
                0x00000000200000f4                packet_data
 .bss.uwTick    0x00000000200004f4        0x4 ./Drivers/STM32L5xx_HAL_Driver/Src/stm32l5xx_hal.o
                0x00000000200004f4                uwTick
 *(COMMON)
                0x00000000200004f8                . = ALIGN (0x4)
                0x00000000200004f8                _ebss = .
                0x00000000200004f8                __bss_end__ = _ebss

._user_heap_stack
                0x00000000200004f8      0x600 load address 0x0000000008005e84
                0x00000000200004f8                . = ALIGN (0x8)
                [!provide]                        PROVIDE (end = .)
                0x00000000200004f8                PROVIDE (_end = .)
                0x00000000200006f8                . = (. + _Min_Heap_Size)
 *fill*         0x00000000200004f8      0x200 
                0x0000000020000af8                . = (. + _Min_Stack_Size)
 *fill*         0x00000000200006f8      0x400 
                0x0000000020000af8                . = ALIGN (0x8)

/DISCARD/
 libc.a(*)
 libm.a(*)
 libgcc.a(*)

.ARM.attributes
                0x0000000000000000       0x3a
 *(.ARM.attributes)
 .ARM.attributes
                0x0000000000000000       0x22 c:/st/stm32cubeide_1.11.2/stm32cubeide/plugins/com.st.stm32cube.ide.mcu.externaltools.gnu-tools-for-stm32.10.3-2021.10.win32_1.0.100.202210260954/tools/bin/../lib/gcc/arm-none-eabi/10.3.1/thumb/v8-m.main+fp/hard/crti.o
 .ARM.attributes
                0x0000000000000022       0x38 c:/st/stm32cubeide_1.11.2/stm32cubeide/plugins/com.st.stm32cube.ide.mcu.externaltools.gnu-tools-for-stm32.10.3-2021.10.win32_1.0.100.202210260954/tools/bin/../lib/gcc/arm-none-eabi/10.3.1/thumb/v8-m.main+fp/hard/crtbegin.o
 .ARM.attributes
                0x000000000000005a       0x3a ./Core/Src/SIGMA_iflash.o
 .ARM.attributes
                0x0000000000000094       0x3a ./Core/Src/SIGMA_main.o
 .ARM.attributes
                0x00000000000000ce       0x3a ./Core/Src/SIGMA_uart.o
 .ARM.attributes
                0x0000000000000108       0x3a ./Core/Src/SIGMA_xmodem.o
 .ARM.attributes
                0x0000000000000142       0x3a ./Core/Src/hashcheck.o
 .ARM.attributes
                0x000000000000017c       0x3a ./Core/Src/stm32l5xx_hal_msp.o
 .ARM.attributes
                0x00000000000001b6       0x3a ./Core/Src/stm32l5xx_it.o
 .ARM.attributes
                0x00000000000001f0       0x3a ./Core/Src/system_stm32l5xx.o
 .ARM.attributes
                0x000000000000022a       0x24 ./Core/Startup/startup_stm32l552zetxq.o
 .ARM.attributes
                0x000000000000024e       0x3a ./Drivers/STM32L5xx_HAL_Driver/Src/stm32l5xx_hal.o
 .ARM.attributes
                0x0000000000000288       0x3a ./Drivers/STM32L5xx_HAL_Driver/Src/stm32l5xx_hal_cortex.o
 .ARM.attributes
                0x00000000000002c2       0x3a ./Drivers/STM32L5xx_HAL_Driver/Src/stm32l5xx_hal_dma.o
 .ARM.attributes
                0x00000000000002fc       0x3a ./Drivers/STM32L5xx_HAL_Driver/Src/stm32l5xx_hal_flash.o
 .ARM.attributes
                0x0000000000000336       0x3a ./Drivers/STM32L5xx_HAL_Driver/Src/stm32l5xx_hal_flash_ex.o
 .ARM.attributes
                0x0000000000000370       0x3a ./Drivers/STM32L5xx_HAL_Driver/Src/stm32l5xx_hal_gpio.o
 .ARM.attributes
                0x00000000000003aa       0x3a ./Drivers/STM32L5xx_HAL_Driver/Src/stm32l5xx_hal_pwr_ex.o
 .ARM.attributes
                0x00000000000003e4       0x3a ./Drivers/STM32L5xx_HAL_Driver/Src/stm32l5xx_hal_rcc.o
 .ARM.attributes
                0x000000000000041e       0x3a ./Drivers/STM32L5xx_HAL_Driver/Src/stm32l5xx_hal_rcc_ex.o
 .ARM.attributes
                0x0000000000000458       0x3a ./Drivers/STM32L5xx_HAL_Driver/Src/stm32l5xx_hal_uart.o
 .ARM.attributes
                0x0000000000000492       0x3a ./Drivers/STM32L5xx_HAL_Driver/Src/stm32l5xx_hal_uart_ex.o
 .ARM.attributes
                0x00000000000004cc       0x3a ./STM32_Cryptographic/legacy_v3/src/hash/legacy_v3_sha256.o
 .ARM.attributes
                0x0000000000000506       0x51 E:\Ayoub_Data\Freelance\Sigma_Embedded\Github_Repo\Sigma_Tech_Projects\UART_Xmodem_Bootloader\Bootloader\STM32_Cryptographic\lib\libSTM32Cryptographic_CM33.a(cmox_hash.c.o)
 .ARM.attributes
                0x0000000000000557       0x4f E:\Ayoub_Data\Freelance\Sigma_Embedded\Github_Repo\Sigma_Tech_Projects\UART_Xmodem_Bootloader\Bootloader\STM32_Cryptographic\lib\libSTM32Cryptographic_CM33.a(cmox_sha256.c.o)
 .ARM.attributes
                0x00000000000005a6       0x4f E:\Ayoub_Data\Freelance\Sigma_Embedded\Github_Repo\Sigma_Tech_Projects\UART_Xmodem_Bootloader\Bootloader\STM32_Cryptographic\lib\libSTM32Cryptographic_CM33.a(cmox_sha256_common.c.o)
 .ARM.attributes
                0x00000000000005f5       0x4f E:\Ayoub_Data\Freelance\Sigma_Embedded\Github_Repo\Sigma_Tech_Projects\UART_Xmodem_Bootloader\Bootloader\STM32_Cryptographic\lib\libSTM32Cryptographic_CM33.a(cmox_md.c.o)
 .ARM.attributes
                0x0000000000000644       0x4f E:\Ayoub_Data\Freelance\Sigma_Embedded\Github_Repo\Sigma_Tech_Projects\UART_Xmodem_Bootloader\Bootloader\STM32_Cryptographic\lib\libSTM32Cryptographic_CM33.a(cmox_init.c.o)
 .ARM.attributes
                0x0000000000000693       0x38 c:/st/stm32cubeide_1.11.2/stm32cubeide/plugins/com.st.stm32cube.ide.mcu.externaltools.gnu-tools-for-stm32.10.3-2021.10.win32_1.0.100.202210260954/tools/bin/../lib/gcc/arm-none-eabi/10.3.1/../../../../arm-none-eabi/lib/thumb/v8-m.main+fp/hard\libc_nano.a(lib_a-aeabi_memclr.o)
 .ARM.attributes
                0x00000000000006cb       0x38 c:/st/stm32cubeide_1.11.2/stm32cubeide/plugins/com.st.stm32cube.ide.mcu.externaltools.gnu-tools-for-stm32.10.3-2021.10.win32_1.0.100.202210260954/tools/bin/../lib/gcc/arm-none-eabi/10.3.1/../../../../arm-none-eabi/lib/thumb/v8-m.main+fp/hard\libc_nano.a(lib_a-aeabi_memcpy.o)
 .ARM.attributes
                0x0000000000000703       0x20 c:/st/stm32cubeide_1.11.2/stm32cubeide/plugins/com.st.stm32cube.ide.mcu.externaltools.gnu-tools-for-stm32.10.3-2021.10.win32_1.0.100.202210260954/tools/bin/../lib/gcc/arm-none-eabi/10.3.1/../../../../arm-none-eabi/lib/thumb/v8-m.main+fp/hard\libc_nano.a(lib_a-aeabi_memset-soft.o)
 .ARM.attributes
                0x0000000000000723       0x38 c:/st/stm32cubeide_1.11.2/stm32cubeide/plugins/com.st.stm32cube.ide.mcu.externaltools.gnu-tools-for-stm32.10.3-2021.10.win32_1.0.100.202210260954/tools/bin/../lib/gcc/arm-none-eabi/10.3.1/../../../../arm-none-eabi/lib/thumb/v8-m.main+fp/hard\libc_nano.a(lib_a-init.o)
 .ARM.attributes
                0x000000000000075b       0x38 c:/st/stm32cubeide_1.11.2/stm32cubeide/plugins/com.st.stm32cube.ide.mcu.externaltools.gnu-tools-for-stm32.10.3-2021.10.win32_1.0.100.202210260954/tools/bin/../lib/gcc/arm-none-eabi/10.3.1/../../../../arm-none-eabi/lib/thumb/v8-m.main+fp/hard\libc_nano.a(lib_a-memcmp.o)
 .ARM.attributes
                0x0000000000000793       0x38 c:/st/stm32cubeide_1.11.2/stm32cubeide/plugins/com.st.stm32cube.ide.mcu.externaltools.gnu-tools-for-stm32.10.3-2021.10.win32_1.0.100.202210260954/tools/bin/../lib/gcc/arm-none-eabi/10.3.1/../../../../arm-none-eabi/lib/thumb/v8-m.main+fp/hard\libc_nano.a(lib_a-memcpy-stub.o)
 .ARM.attributes
                0x00000000000007cb       0x38 c:/st/stm32cubeide_1.11.2/stm32cubeide/plugins/com.st.stm32cube.ide.mcu.externaltools.gnu-tools-for-stm32.10.3-2021.10.win32_1.0.100.202210260954/tools/bin/../lib/gcc/arm-none-eabi/10.3.1/../../../../arm-none-eabi/lib/thumb/v8-m.main+fp/hard\libc_nano.a(lib_a-memset.o)
 .ARM.attributes
                0x0000000000000803       0x22 c:/st/stm32cubeide_1.11.2/stm32cubeide/plugins/com.st.stm32cube.ide.mcu.externaltools.gnu-tools-for-stm32.10.3-2021.10.win32_1.0.100.202210260954/tools/bin/../lib/gcc/arm-none-eabi/10.3.1/thumb/v8-m.main+fp/hard\libgcc.a(_aeabi_uldivmod.o)
 .ARM.attributes
                0x0000000000000825       0x38 c:/st/stm32cubeide_1.11.2/stm32cubeide/plugins/com.st.stm32cube.ide.mcu.externaltools.gnu-tools-for-stm32.10.3-2021.10.win32_1.0.100.202210260954/tools/bin/../lib/gcc/arm-none-eabi/10.3.1/thumb/v8-m.main+fp/hard\libgcc.a(_udivmoddi4.o)
 .ARM.attributes
                0x000000000000085d       0x22 c:/st/stm32cubeide_1.11.2/stm32cubeide/plugins/com.st.stm32cube.ide.mcu.externaltools.gnu-tools-for-stm32.10.3-2021.10.win32_1.0.100.202210260954/tools/bin/../lib/gcc/arm-none-eabi/10.3.1/thumb/v8-m.main+fp/hard\libgcc.a(_dvmd_tls.o)
 .ARM.attributes
                0x000000000000087f       0x22 c:/st/stm32cubeide_1.11.2/stm32cubeide/plugins/com.st.stm32cube.ide.mcu.externaltools.gnu-tools-for-stm32.10.3-2021.10.win32_1.0.100.202210260954/tools/bin/../lib/gcc/arm-none-eabi/10.3.1/thumb/v8-m.main+fp/hard/crtn.o
OUTPUT(SIGMA_Embedded_Bootloader_UART.elf elf32-littlearm)
LOAD linker stubs
LOAD c:/st/stm32cubeide_1.11.2/stm32cubeide/plugins/com.st.stm32cube.ide.mcu.externaltools.gnu-tools-for-stm32.10.3-2021.10.win32_1.0.100.202210260954/tools/bin/../lib/gcc/arm-none-eabi/10.3.1/../../../../arm-none-eabi/lib/thumb/v8-m.main+fp/hard\libc.a
LOAD c:/st/stm32cubeide_1.11.2/stm32cubeide/plugins/com.st.stm32cube.ide.mcu.externaltools.gnu-tools-for-stm32.10.3-2021.10.win32_1.0.100.202210260954/tools/bin/../lib/gcc/arm-none-eabi/10.3.1/../../../../arm-none-eabi/lib/thumb/v8-m.main+fp/hard\libm.a
LOAD c:/st/stm32cubeide_1.11.2/stm32cubeide/plugins/com.st.stm32cube.ide.mcu.externaltools.gnu-tools-for-stm32.10.3-2021.10.win32_1.0.100.202210260954/tools/bin/../lib/gcc/arm-none-eabi/10.3.1/thumb/v8-m.main+fp/hard\libgcc.a

.debug_info     0x0000000000000000    0x11ee1
 .debug_info    0x0000000000000000      0x50a ./Core/Src/SIGMA_iflash.o
 .debug_info    0x000000000000050a      0xfb3 ./Core/Src/SIGMA_main.o
 .debug_info    0x00000000000014bd      0x993 ./Core/Src/SIGMA_uart.o
 .debug_info    0x0000000000001e50      0x401 ./Core/Src/SIGMA_xmodem.o
 .debug_info    0x0000000000002251      0x749 ./Core/Src/hashcheck.o
 .debug_info    0x000000000000299a     0x12e6 ./Core/Src/stm32l5xx_hal_msp.o
 .debug_info    0x0000000000003c80      0x8bf ./Core/Src/stm32l5xx_it.o
 .debug_info    0x000000000000453f      0x7fc ./Core/Src/system_stm32l5xx.o
 .debug_info    0x0000000000004d3b       0x22 ./Core/Startup/startup_stm32l552zetxq.o
 .debug_info    0x0000000000004d5d      0xd43 ./Drivers/STM32L5xx_HAL_Driver/Src/stm32l5xx_hal.o
 .debug_info    0x0000000000005aa0     0x11fa ./Drivers/STM32L5xx_HAL_Driver/Src/stm32l5xx_hal_cortex.o
 .debug_info    0x0000000000006c9a      0x9c0 ./Drivers/STM32L5xx_HAL_Driver/Src/stm32l5xx_hal_dma.o
 .debug_info    0x000000000000765a      0x7b7 ./Drivers/STM32L5xx_HAL_Driver/Src/stm32l5xx_hal_flash.o
 .debug_info    0x0000000000007e11      0x8e0 ./Drivers/STM32L5xx_HAL_Driver/Src/stm32l5xx_hal_flash_ex.o
 .debug_info    0x00000000000086f1      0x655 ./Drivers/STM32L5xx_HAL_Driver/Src/stm32l5xx_hal_gpio.o
 .debug_info    0x0000000000008d46      0xdf9 ./Drivers/STM32L5xx_HAL_Driver/Src/stm32l5xx_hal_pwr_ex.o
 .debug_info    0x0000000000009b3f     0x1083 ./Drivers/STM32L5xx_HAL_Driver/Src/stm32l5xx_hal_rcc.o
 .debug_info    0x000000000000abc2     0x121a ./Drivers/STM32L5xx_HAL_Driver/Src/stm32l5xx_hal_rcc_ex.o
 .debug_info    0x000000000000bddc     0x4ba2 ./Drivers/STM32L5xx_HAL_Driver/Src/stm32l5xx_hal_uart.o
 .debug_info    0x000000000001097e     0x10b3 ./Drivers/STM32L5xx_HAL_Driver/Src/stm32l5xx_hal_uart_ex.o
 .debug_info    0x0000000000011a31      0x4b0 ./STM32_Cryptographic/legacy_v3/src/hash/legacy_v3_sha256.o

.debug_abbrev   0x0000000000000000     0x2cc7
 .debug_abbrev  0x0000000000000000      0x263 ./Core/Src/SIGMA_iflash.o
 .debug_abbrev  0x0000000000000263      0x2d2 ./Core/Src/SIGMA_main.o
 .debug_abbrev  0x0000000000000535      0x17d ./Core/Src/SIGMA_uart.o
 .debug_abbrev  0x00000000000006b2      0x1bb ./Core/Src/SIGMA_xmodem.o
 .debug_abbrev  0x000000000000086d      0x1a1 ./Core/Src/hashcheck.o
 .debug_abbrev  0x0000000000000a0e      0x216 ./Core/Src/stm32l5xx_hal_msp.o
 .debug_abbrev  0x0000000000000c24      0x166 ./Core/Src/stm32l5xx_it.o
 .debug_abbrev  0x0000000000000d8a      0x127 ./Core/Src/system_stm32l5xx.o
 .debug_abbrev  0x0000000000000eb1       0x12 ./Core/Startup/startup_stm32l552zetxq.o
 .debug_abbrev  0x0000000000000ec3      0x2c3 ./Drivers/STM32L5xx_HAL_Driver/Src/stm32l5xx_hal.o
 .debug_abbrev  0x0000000000001186      0x31d ./Drivers/STM32L5xx_HAL_Driver/Src/stm32l5xx_hal_cortex.o
 .debug_abbrev  0x00000000000014a3      0x1e8 ./Drivers/STM32L5xx_HAL_Driver/Src/stm32l5xx_hal_dma.o
 .debug_abbrev  0x000000000000168b      0x30a ./Drivers/STM32L5xx_HAL_Driver/Src/stm32l5xx_hal_flash.o
 .debug_abbrev  0x0000000000001995      0x268 ./Drivers/STM32L5xx_HAL_Driver/Src/stm32l5xx_hal_flash_ex.o
 .debug_abbrev  0x0000000000001bfd      0x1b2 ./Drivers/STM32L5xx_HAL_Driver/Src/stm32l5xx_hal_gpio.o
 .debug_abbrev  0x0000000000001daf      0x283 ./Drivers/STM32L5xx_HAL_Driver/Src/stm32l5xx_hal_pwr_ex.o
 .debug_abbrev  0x0000000000002032      0x2ee ./Drivers/STM32L5xx_HAL_Driver/Src/stm32l5xx_hal_rcc.o
 .debug_abbrev  0x0000000000002320      0x2b9 ./Drivers/STM32L5xx_HAL_Driver/Src/stm32l5xx_hal_rcc_ex.o
 .debug_abbrev  0x00000000000025d9      0x310 ./Drivers/STM32L5xx_HAL_Driver/Src/stm32l5xx_hal_uart.o
 .debug_abbrev  0x00000000000028e9      0x2bd ./Drivers/STM32L5xx_HAL_Driver/Src/stm32l5xx_hal_uart_ex.o
 .debug_abbrev  0x0000000000002ba6      0x121 ./STM32_Cryptographic/legacy_v3/src/hash/legacy_v3_sha256.o

.debug_aranges  0x0000000000000000      0xd48
 .debug_aranges
                0x0000000000000000       0x50 ./Core/Src/SIGMA_iflash.o
 .debug_aranges
                0x0000000000000050       0x40 ./Core/Src/SIGMA_main.o
 .debug_aranges
                0x0000000000000090       0x30 ./Core/Src/SIGMA_uart.o
 .debug_aranges
                0x00000000000000c0       0x40 ./Core/Src/SIGMA_xmodem.o
 .debug_aranges
                0x0000000000000100       0x30 ./Core/Src/hashcheck.o
 .debug_aranges
                0x0000000000000130       0x30 ./Core/Src/stm32l5xx_hal_msp.o
 .debug_aranges
                0x0000000000000160       0x68 ./Core/Src/stm32l5xx_it.o
 .debug_aranges
                0x00000000000001c8       0x28 ./Core/Src/system_stm32l5xx.o
 .debug_aranges
                0x00000000000001f0       0x28 ./Core/Startup/startup_stm32l552zetxq.o
 .debug_aranges
                0x0000000000000218      0x130 ./Drivers/STM32L5xx_HAL_Driver/Src/stm32l5xx_hal.o
 .debug_aranges
                0x0000000000000348      0x140 ./Drivers/STM32L5xx_HAL_Driver/Src/stm32l5xx_hal_cortex.o
 .debug_aranges
                0x0000000000000488       0xa0 ./Drivers/STM32L5xx_HAL_Driver/Src/stm32l5xx_hal_dma.o
 .debug_aranges
                0x0000000000000528       0x80 ./Drivers/STM32L5xx_HAL_Driver/Src/stm32l5xx_hal_flash.o
 .debug_aranges
                0x00000000000005a8       0xa8 ./Drivers/STM32L5xx_HAL_Driver/Src/stm32l5xx_hal_flash_ex.o
 .debug_aranges
                0x0000000000000650       0x60 ./Drivers/STM32L5xx_HAL_Driver/Src/stm32l5xx_hal_gpio.o
 .debug_aranges
                0x00000000000006b0      0x1b8 ./Drivers/STM32L5xx_HAL_Driver/Src/stm32l5xx_hal_pwr_ex.o
 .debug_aranges
                0x0000000000000868       0xa8 ./Drivers/STM32L5xx_HAL_Driver/Src/stm32l5xx_hal_rcc.o
 .debug_aranges
                0x0000000000000910      0x118 ./Drivers/STM32L5xx_HAL_Driver/Src/stm32l5xx_hal_rcc_ex.o
 .debug_aranges
                0x0000000000000a28      0x248 ./Drivers/STM32L5xx_HAL_Driver/Src/stm32l5xx_hal_uart.o
 .debug_aranges
                0x0000000000000c70       0xa8 ./Drivers/STM32L5xx_HAL_Driver/Src/stm32l5xx_hal_uart_ex.o
 .debug_aranges
                0x0000000000000d18       0x30 ./STM32_Cryptographic/legacy_v3/src/hash/legacy_v3_sha256.o

.debug_ranges   0x0000000000000000      0xc30
 .debug_ranges  0x0000000000000000       0x40 ./Core/Src/SIGMA_iflash.o
 .debug_ranges  0x0000000000000040       0x30 ./Core/Src/SIGMA_main.o
 .debug_ranges  0x0000000000000070       0x20 ./Core/Src/SIGMA_uart.o
 .debug_ranges  0x0000000000000090       0x30 ./Core/Src/SIGMA_xmodem.o
 .debug_ranges  0x00000000000000c0       0x20 ./Core/Src/hashcheck.o
 .debug_ranges  0x00000000000000e0       0x20 ./Core/Src/stm32l5xx_hal_msp.o
 .debug_ranges  0x0000000000000100       0x58 ./Core/Src/stm32l5xx_it.o
 .debug_ranges  0x0000000000000158       0x18 ./Core/Src/system_stm32l5xx.o
 .debug_ranges  0x0000000000000170       0x20 ./Core/Startup/startup_stm32l552zetxq.o
 .debug_ranges  0x0000000000000190      0x120 ./Drivers/STM32L5xx_HAL_Driver/Src/stm32l5xx_hal.o
 .debug_ranges  0x00000000000002b0      0x130 ./Drivers/STM32L5xx_HAL_Driver/Src/stm32l5xx_hal_cortex.o
 .debug_ranges  0x00000000000003e0       0x90 ./Drivers/STM32L5xx_HAL_Driver/Src/stm32l5xx_hal_dma.o
 .debug_ranges  0x0000000000000470       0x70 ./Drivers/STM32L5xx_HAL_Driver/Src/stm32l5xx_hal_flash.o
 .debug_ranges  0x00000000000004e0       0x98 ./Drivers/STM32L5xx_HAL_Driver/Src/stm32l5xx_hal_flash_ex.o
 .debug_ranges  0x0000000000000578       0x50 ./Drivers/STM32L5xx_HAL_Driver/Src/stm32l5xx_hal_gpio.o
 .debug_ranges  0x00000000000005c8      0x1a8 ./Drivers/STM32L5xx_HAL_Driver/Src/stm32l5xx_hal_pwr_ex.o
 .debug_ranges  0x0000000000000770       0x98 ./Drivers/STM32L5xx_HAL_Driver/Src/stm32l5xx_hal_rcc.o
 .debug_ranges  0x0000000000000808      0x108 ./Drivers/STM32L5xx_HAL_Driver/Src/stm32l5xx_hal_rcc_ex.o
 .debug_ranges  0x0000000000000910      0x268 ./Drivers/STM32L5xx_HAL_Driver/Src/stm32l5xx_hal_uart.o
 .debug_ranges  0x0000000000000b78       0x98 ./Drivers/STM32L5xx_HAL_Driver/Src/stm32l5xx_hal_uart_ex.o
 .debug_ranges  0x0000000000000c10       0x20 ./STM32_Cryptographic/legacy_v3/src/hash/legacy_v3_sha256.o

.debug_macro    0x0000000000000000    0x295ed
 .debug_macro   0x0000000000000000      0x1eb ./Core/Src/SIGMA_iflash.o
 .debug_macro   0x00000000000001eb      0xa7e ./Core/Src/SIGMA_iflash.o
 .debug_macro   0x0000000000000c69      0x190 ./Core/Src/SIGMA_iflash.o
 .debug_macro   0x0000000000000df9       0x2e ./Core/Src/SIGMA_iflash.o
 .debug_macro   0x0000000000000e27       0x42 ./Core/Src/SIGMA_iflash.o
 .debug_macro   0x0000000000000e69       0x22 ./Core/Src/SIGMA_iflash.o
 .debug_macro   0x0000000000000e8b       0x8e ./Core/Src/SIGMA_iflash.o
 .debug_macro   0x0000000000000f19       0x51 ./Core/Src/SIGMA_iflash.o
 .debug_macro   0x0000000000000f6a      0x103 ./Core/Src/SIGMA_iflash.o
 .debug_macro   0x000000000000106d       0x6a ./Core/Src/SIGMA_iflash.o
 .debug_macro   0x00000000000010d7      0x1df ./Core/Src/SIGMA_iflash.o
 .debug_macro   0x00000000000012b6       0x1c ./Core/Src/SIGMA_iflash.o
 .debug_macro   0x00000000000012d2       0x29 ./Core/Src/SIGMA_iflash.o
 .debug_macro   0x00000000000012fb       0xfb ./Core/Src/SIGMA_iflash.o
 .debug_macro   0x00000000000013f6     0x1336 ./Core/Src/SIGMA_iflash.o
 .debug_macro   0x000000000000272c       0x5e ./Core/Src/SIGMA_iflash.o
 .debug_macro   0x000000000000278a    0x1aca2 ./Core/Src/SIGMA_iflash.o
 .debug_macro   0x000000000001d42c       0x6c ./Core/Src/SIGMA_iflash.o
 .debug_macro   0x000000000001d498     0x353c ./Core/Src/SIGMA_iflash.o
 .debug_macro   0x00000000000209d4      0x174 ./Core/Src/SIGMA_iflash.o
 .debug_macro   0x0000000000020b48       0x5d ./Core/Src/SIGMA_iflash.o
 .debug_macro   0x0000000000020ba5     0x1987 ./Core/Src/SIGMA_iflash.o
 .debug_macro   0x000000000002252c      0xa52 ./Core/Src/SIGMA_iflash.o
 .debug_macro   0x0000000000022f7e      0x1cf ./Core/Src/SIGMA_iflash.o
 .debug_macro   0x000000000002314d      0x1d8 ./Core/Src/SIGMA_iflash.o
 .debug_macro   0x0000000000023325      0x4e1 ./Core/Src/SIGMA_iflash.o
 .debug_macro   0x0000000000023806      0x1ab ./Core/Src/SIGMA_iflash.o
 .debug_macro   0x00000000000239b1       0x4a ./Core/Src/SIGMA_iflash.o
 .debug_macro   0x00000000000239fb      0x1b9 ./Core/Src/SIGMA_iflash.o
 .debug_macro   0x0000000000023bb4      0x230 ./Core/Src/SIGMA_iflash.o
 .debug_macro   0x0000000000023de4      0x3bb ./Core/Src/SIGMA_iflash.o
 .debug_macro   0x000000000002419f       0x36 ./Core/Src/SIGMA_iflash.o
 .debug_macro   0x00000000000241d5      0x11c ./Core/Src/SIGMA_iflash.o
 .debug_macro   0x00000000000242f1      0x22c ./Core/Src/SIGMA_iflash.o
 .debug_macro   0x000000000002451d       0x5b ./Core/Src/SIGMA_iflash.o
 .debug_macro   0x0000000000024578       0xa5 ./Core/Src/SIGMA_iflash.o
 .debug_macro   0x000000000002461d       0xc9 ./Core/Src/SIGMA_iflash.o
 .debug_macro   0x00000000000246e6      0x199 ./Core/Src/SIGMA_iflash.o
 .debug_macro   0x000000000002487f      0x487 ./Core/Src/SIGMA_iflash.o
 .debug_macro   0x0000000000024d06      0x693 ./Core/Src/SIGMA_iflash.o
 .debug_macro   0x0000000000025399       0xa6 ./Core/Src/SIGMA_iflash.o
 .debug_macro   0x000000000002543f      0x3f1 ./Core/Src/SIGMA_iflash.o
 .debug_macro   0x0000000000025830       0x34 ./Core/Src/SIGMA_iflash.o
 .debug_macro   0x0000000000025864      0x20a ./Core/Src/SIGMA_main.o
 .debug_macro   0x0000000000025a6e      0x19c ./Core/Src/SIGMA_main.o
 .debug_macro   0x0000000000025c0a       0x3a ./Core/Src/SIGMA_main.o
 .debug_macro   0x0000000000025c44       0x10 ./Core/Src/SIGMA_main.o
 .debug_macro   0x0000000000025c54       0x16 ./Core/Src/SIGMA_main.o
 .debug_macro   0x0000000000025c6a      0x1ec ./Core/Src/SIGMA_uart.o
 .debug_macro   0x0000000000025e56      0x204 ./Core/Src/SIGMA_xmodem.o
 .debug_macro   0x000000000002605a       0x46 ./Core/Src/SIGMA_xmodem.o
 .debug_macro   0x00000000000260a0      0x6df ./Core/Src/hashcheck.o
 .debug_macro   0x000000000002677f       0x28 ./Core/Src/hashcheck.o
 .debug_macro   0x00000000000267a7       0x16 ./Core/Src/hashcheck.o
 .debug_macro   0x00000000000267bd       0x10 ./Core/Src/hashcheck.o
 .debug_macro   0x00000000000267cd       0x10 ./Core/Src/hashcheck.o
 .debug_macro   0x00000000000267dd       0x10 ./Core/Src/hashcheck.o
 .debug_macro   0x00000000000267ed       0x1c ./Core/Src/hashcheck.o
 .debug_macro   0x0000000000026809       0x2e ./Core/Src/hashcheck.o
 .debug_macro   0x0000000000026837       0x3a ./Core/Src/hashcheck.o
 .debug_macro   0x0000000000026871       0x16 ./Core/Src/hashcheck.o
 .debug_macro   0x0000000000026887       0x22 ./Core/Src/hashcheck.o
 .debug_macro   0x00000000000268a9       0xf6 ./Core/Src/hashcheck.o
 .debug_macro   0x000000000002699f      0x110 ./Core/Src/hashcheck.o
 .debug_macro   0x0000000000026aaf       0x4c ./Core/Src/hashcheck.o
 .debug_macro   0x0000000000026afb       0x10 ./Core/Src/hashcheck.o
 .debug_macro   0x0000000000026b0b       0x10 ./Core/Src/hashcheck.o
 .debug_macro   0x0000000000026b1b       0x4c ./Core/Src/hashcheck.o
 .debug_macro   0x0000000000026b67       0x16 ./Core/Src/hashcheck.o
 .debug_macro   0x0000000000026b7d       0x1e ./Core/Src/hashcheck.o
 .debug_macro   0x0000000000026b9b       0x52 ./Core/Src/hashcheck.o
 .debug_macro   0x0000000000026bed       0x3c ./Core/Src/hashcheck.o
 .debug_macro   0x0000000000026c29       0x34 ./Core/Src/hashcheck.o
 .debug_macro   0x0000000000026c5d       0x16 ./Core/Src/hashcheck.o
 .debug_macro   0x0000000000026c73       0x35 ./Core/Src/hashcheck.o
 .debug_macro   0x0000000000026ca8       0x16 ./Core/Src/hashcheck.o
 .debug_macro   0x0000000000026cbe       0x43 ./Core/Src/hashcheck.o
 .debug_macro   0x0000000000026d01       0x34 ./Core/Src/hashcheck.o
 .debug_macro   0x0000000000026d35       0x10 ./Core/Src/hashcheck.o
 .debug_macro   0x0000000000026d45       0x58 ./Core/Src/hashcheck.o
 .debug_macro   0x0000000000026d9d       0x71 ./Core/Src/hashcheck.o
 .debug_macro   0x0000000000026e0e       0x1c ./Core/Src/hashcheck.o
 .debug_macro   0x0000000000026e2a      0x12a ./Core/Src/hashcheck.o
 .debug_macro   0x0000000000026f54      0x341 ./Core/Src/hashcheck.o
 .debug_macro   0x0000000000027295       0x16 ./Core/Src/hashcheck.o
 .debug_macro   0x00000000000272ab       0x29 ./Core/Src/hashcheck.o
 .debug_macro   0x00000000000272d4       0x4c ./Core/Src/hashcheck.o
 .debug_macro   0x0000000000027320      0x2b0 ./Core/Src/hashcheck.o
 .debug_macro   0x00000000000275d0       0x10 ./Core/Src/hashcheck.o
 .debug_macro   0x00000000000275e0       0x1c ./Core/Src/hashcheck.o
 .debug_macro   0x00000000000275fc       0x10 ./Core/Src/hashcheck.o
 .debug_macro   0x000000000002760c       0x10 ./Core/Src/hashcheck.o
 .debug_macro   0x000000000002761c       0x1c ./Core/Src/hashcheck.o
 .debug_macro   0x0000000000027638       0x52 ./Core/Src/hashcheck.o
 .debug_macro   0x000000000002768a       0x22 ./Core/Src/hashcheck.o
 .debug_macro   0x00000000000276ac       0x10 ./Core/Src/hashcheck.o
 .debug_macro   0x00000000000276bc       0x52 ./Core/Src/hashcheck.o
 .debug_macro   0x000000000002770e       0xd5 ./Core/Src/hashcheck.o
 .debug_macro   0x00000000000277e3       0x1c ./Core/Src/hashcheck.o
 .debug_macro   0x00000000000277ff       0x3d ./Core/Src/hashcheck.o
 .debug_macro   0x000000000002783c       0x16 ./Core/Src/hashcheck.o
 .debug_macro   0x0000000000027852      0x145 ./Core/Src/hashcheck.o
 .debug_macro   0x0000000000027997       0x16 ./Core/Src/hashcheck.o
 .debug_macro   0x00000000000279ad       0x20 ./Core/Src/hashcheck.o
 .debug_macro   0x00000000000279cd      0x1ef ./Core/Src/stm32l5xx_hal_msp.o
 .debug_macro   0x0000000000027bbc      0x1f9 ./Core/Src/stm32l5xx_it.o
 .debug_macro   0x0000000000027db5      0x1dc ./Core/Src/system_stm32l5xx.o
 .debug_macro   0x0000000000027f91      0x20c ./Drivers/STM32L5xx_HAL_Driver/Src/stm32l5xx_hal.o
 .debug_macro   0x000000000002819d      0x1dc ./Drivers/STM32L5xx_HAL_Driver/Src/stm32l5xx_hal_cortex.o
 .debug_macro   0x0000000000028379      0x1dc ./Drivers/STM32L5xx_HAL_Driver/Src/stm32l5xx_hal_dma.o
 .debug_macro   0x0000000000028555      0x1dc ./Drivers/STM32L5xx_HAL_Driver/Src/stm32l5xx_hal_flash.o
 .debug_macro   0x0000000000028731      0x1dc ./Drivers/STM32L5xx_HAL_Driver/Src/stm32l5xx_hal_flash_ex.o
 .debug_macro   0x000000000002890d      0x1e2 ./Drivers/STM32L5xx_HAL_Driver/Src/stm32l5xx_hal_gpio.o
 .debug_macro   0x0000000000028aef      0x20c ./Drivers/STM32L5xx_HAL_Driver/Src/stm32l5xx_hal_pwr_ex.o
 .debug_macro   0x0000000000028cfb      0x206 ./Drivers/STM32L5xx_HAL_Driver/Src/stm32l5xx_hal_rcc.o
 .debug_macro   0x0000000000028f01      0x242 ./Drivers/STM32L5xx_HAL_Driver/Src/stm32l5xx_hal_rcc_ex.o
 .debug_macro   0x0000000000029143      0x207 ./Drivers/STM32L5xx_HAL_Driver/Src/stm32l5xx_hal_uart.o
 .debug_macro   0x000000000002934a      0x1e8 ./Drivers/STM32L5xx_HAL_Driver/Src/stm32l5xx_hal_uart_ex.o
 .debug_macro   0x0000000000029532       0xbb ./STM32_Cryptographic/legacy_v3/src/hash/legacy_v3_sha256.o

.debug_line     0x0000000000000000    0x12719
 .debug_line    0x0000000000000000      0x902 ./Core/Src/SIGMA_iflash.o
 .debug_line    0x0000000000000902      0x91a ./Core/Src/SIGMA_main.o
 .debug_line    0x000000000000121c      0x761 ./Core/Src/SIGMA_uart.o
 .debug_line    0x000000000000197d      0x8dd ./Core/Src/SIGMA_xmodem.o
 .debug_line    0x000000000000225a     0x16ed ./Core/Src/hashcheck.o
 .debug_line    0x0000000000003947      0x802 ./Core/Src/stm32l5xx_hal_msp.o
 .debug_line    0x0000000000004149      0x878 ./Core/Src/stm32l5xx_it.o
 .debug_line    0x00000000000049c1      0x791 ./Core/Src/system_stm32l5xx.o
 .debug_line    0x0000000000005152       0x88 ./Core/Startup/startup_stm32l552zetxq.o
 .debug_line    0x00000000000051da      0xb04 ./Drivers/STM32L5xx_HAL_Driver/Src/stm32l5xx_hal.o
 .debug_line    0x0000000000005cde      0xd57 ./Drivers/STM32L5xx_HAL_Driver/Src/stm32l5xx_hal_cortex.o
 .debug_line    0x0000000000006a35      0xf97 ./Drivers/STM32L5xx_HAL_Driver/Src/stm32l5xx_hal_dma.o
 .debug_line    0x00000000000079cc      0x9df ./Drivers/STM32L5xx_HAL_Driver/Src/stm32l5xx_hal_flash.o
 .debug_line    0x00000000000083ab      0xc63 ./Drivers/STM32L5xx_HAL_Driver/Src/stm32l5xx_hal_flash_ex.o
 .debug_line    0x000000000000900e      0xb49 ./Drivers/STM32L5xx_HAL_Driver/Src/stm32l5xx_hal_gpio.o
 .debug_line    0x0000000000009b57      0xeb8 ./Drivers/STM32L5xx_HAL_Driver/Src/stm32l5xx_hal_pwr_ex.o
 .debug_line    0x000000000000aa0f     0x1246 ./Drivers/STM32L5xx_HAL_Driver/Src/stm32l5xx_hal_rcc.o
 .debug_line    0x000000000000bc55     0x1b5c ./Drivers/STM32L5xx_HAL_Driver/Src/stm32l5xx_hal_rcc_ex.o
 .debug_line    0x000000000000d7b1     0x3b6f ./Drivers/STM32L5xx_HAL_Driver/Src/stm32l5xx_hal_uart.o
 .debug_line    0x0000000000011320      0xd45 ./Drivers/STM32L5xx_HAL_Driver/Src/stm32l5xx_hal_uart_ex.o
 .debug_line    0x0000000000012065      0x6b4 ./STM32_Cryptographic/legacy_v3/src/hash/legacy_v3_sha256.o

.debug_str      0x0000000000000000   0x102690
 .debug_str     0x0000000000000000    0xf62d1 ./Core/Src/SIGMA_iflash.o
                                      0xf65bc (size before relaxing)
 .debug_str     0x00000000000f62d1     0x13d1 ./Core/Src/SIGMA_main.o
                                      0xf78e9 (size before relaxing)
 .debug_str     0x00000000000f76a2       0x7b ./Core/Src/SIGMA_uart.o
                                      0xf68c5 (size before relaxing)
 .debug_str     0x00000000000f771d      0x249 ./Core/Src/SIGMA_xmodem.o
                                      0xf66ef (size before relaxing)
 .debug_str     0x00000000000f7966     0x6e64 ./Core/Src/hashcheck.o
                                      0xfde1d (size before relaxing)
 .debug_str     0x00000000000fe7ca      0x9c3 ./Core/Src/stm32l5xx_hal_msp.o
                                      0xf7df5 (size before relaxing)
 .debug_str     0x00000000000ff18d       0xf0 ./Core/Src/stm32l5xx_it.o
                                      0xf72b4 (size before relaxing)
 .debug_str     0x00000000000ff27d      0x182 ./Core/Src/system_stm32l5xx.o
                                      0xf6544 (size before relaxing)
 .debug_str     0x00000000000ff3ff       0x37 ./Core/Startup/startup_stm32l552zetxq.o
                                         0xa6 (size before relaxing)
 .debug_str     0x00000000000ff436      0x58d ./Drivers/STM32L5xx_HAL_Driver/Src/stm32l5xx_hal.o
                                      0xf70bb (size before relaxing)
 .debug_str     0x00000000000ff9c3      0x3ae ./Drivers/STM32L5xx_HAL_Driver/Src/stm32l5xx_hal_cortex.o
                                      0xf6efa (size before relaxing)
 .debug_str     0x00000000000ffd71      0x339 ./Drivers/STM32L5xx_HAL_Driver/Src/stm32l5xx_hal_dma.o
                                      0xf68b6 (size before relaxing)
 .debug_str     0x00000000001000aa      0x2e4 ./Drivers/STM32L5xx_HAL_Driver/Src/stm32l5xx_hal_flash.o
                                      0xf6612 (size before relaxing)
 .debug_str     0x000000000010038e      0x26d ./Drivers/STM32L5xx_HAL_Driver/Src/stm32l5xx_hal_flash_ex.o
                                      0xf6708 (size before relaxing)
 .debug_str     0x00000000001005fb      0x1cc ./Drivers/STM32L5xx_HAL_Driver/Src/stm32l5xx_hal_gpio.o
                                      0xf64cd (size before relaxing)
 .debug_str     0x00000000001007c7      0x710 ./Drivers/STM32L5xx_HAL_Driver/Src/stm32l5xx_hal_pwr_ex.o
                                      0xf6ca9 (size before relaxing)
 .debug_str     0x0000000000100ed7      0x2f0 ./Drivers/STM32L5xx_HAL_Driver/Src/stm32l5xx_hal_rcc.o
                                      0xf6b5e (size before relaxing)
 .debug_str     0x00000000001011c7      0x7e7 ./Drivers/STM32L5xx_HAL_Driver/Src/stm32l5xx_hal_rcc_ex.o
                                      0xf70b4 (size before relaxing)
 .debug_str     0x00000000001019ae      0x962 ./Drivers/STM32L5xx_HAL_Driver/Src/stm32l5xx_hal_uart.o
                                      0xf7484 (size before relaxing)
 .debug_str     0x0000000000102310      0x26b ./Drivers/STM32L5xx_HAL_Driver/Src/stm32l5xx_hal_uart_ex.o
                                      0xf6c12 (size before relaxing)
 .debug_str     0x000000000010257b      0x115 ./STM32_Cryptographic/legacy_v3/src/hash/legacy_v3_sha256.o
                                       0x4e8c (size before relaxing)

.comment        0x0000000000000000       0x50
 .comment       0x0000000000000000       0x50 ./Core/Src/SIGMA_iflash.o
                                         0x51 (size before relaxing)
 .comment       0x0000000000000050       0x51 ./Core/Src/SIGMA_main.o
 .comment       0x0000000000000050       0x51 ./Core/Src/SIGMA_uart.o
 .comment       0x0000000000000050       0x51 ./Core/Src/SIGMA_xmodem.o
 .comment       0x0000000000000050       0x51 ./Core/Src/hashcheck.o
 .comment       0x0000000000000050       0x51 ./Core/Src/stm32l5xx_hal_msp.o
 .comment       0x0000000000000050       0x51 ./Core/Src/stm32l5xx_it.o
 .comment       0x0000000000000050       0x51 ./Core/Src/system_stm32l5xx.o
 .comment       0x0000000000000050       0x51 ./Drivers/STM32L5xx_HAL_Driver/Src/stm32l5xx_hal.o
 .comment       0x0000000000000050       0x51 ./Drivers/STM32L5xx_HAL_Driver/Src/stm32l5xx_hal_cortex.o
 .comment       0x0000000000000050       0x51 ./Drivers/STM32L5xx_HAL_Driver/Src/stm32l5xx_hal_dma.o
 .comment       0x0000000000000050       0x51 ./Drivers/STM32L5xx_HAL_Driver/Src/stm32l5xx_hal_flash.o
 .comment       0x0000000000000050       0x51 ./Drivers/STM32L5xx_HAL_Driver/Src/stm32l5xx_hal_flash_ex.o
 .comment       0x0000000000000050       0x51 ./Drivers/STM32L5xx_HAL_Driver/Src/stm32l5xx_hal_gpio.o
 .comment       0x0000000000000050       0x51 ./Drivers/STM32L5xx_HAL_Driver/Src/stm32l5xx_hal_pwr_ex.o
 .comment       0x0000000000000050       0x51 ./Drivers/STM32L5xx_HAL_Driver/Src/stm32l5xx_hal_rcc.o
 .comment       0x0000000000000050       0x51 ./Drivers/STM32L5xx_HAL_Driver/Src/stm32l5xx_hal_rcc_ex.o
 .comment       0x0000000000000050       0x51 ./Drivers/STM32L5xx_HAL_Driver/Src/stm32l5xx_hal_uart.o
 .comment       0x0000000000000050       0x51 ./Drivers/STM32L5xx_HAL_Driver/Src/stm32l5xx_hal_uart_ex.o
 .comment       0x0000000000000050       0x51 ./STM32_Cryptographic/legacy_v3/src/hash/legacy_v3_sha256.o

.iar_vfe_header
                0x0000000000000000       0x14
 .iar_vfe_header
                0x0000000000000000        0x4 E:\Ayoub_Data\Freelance\Sigma_Embedded\Github_Repo\Sigma_Tech_Projects\UART_Xmodem_Bootloader\Bootloader\STM32_Cryptographic\lib\libSTM32Cryptographic_CM33.a(cmox_hash.c.o)
 .iar_vfe_header
                0x0000000000000004        0x4 E:\Ayoub_Data\Freelance\Sigma_Embedded\Github_Repo\Sigma_Tech_Projects\UART_Xmodem_Bootloader\Bootloader\STM32_Cryptographic\lib\libSTM32Cryptographic_CM33.a(cmox_sha256.c.o)
 .iar_vfe_header
                0x0000000000000008        0x4 E:\Ayoub_Data\Freelance\Sigma_Embedded\Github_Repo\Sigma_Tech_Projects\UART_Xmodem_Bootloader\Bootloader\STM32_Cryptographic\lib\libSTM32Cryptographic_CM33.a(cmox_sha256_common.c.o)
 .iar_vfe_header
                0x000000000000000c        0x4 E:\Ayoub_Data\Freelance\Sigma_Embedded\Github_Repo\Sigma_Tech_Projects\UART_Xmodem_Bootloader\Bootloader\STM32_Cryptographic\lib\libSTM32Cryptographic_CM33.a(cmox_md.c.o)
 .iar_vfe_header
                0x0000000000000010        0x4 E:\Ayoub_Data\Freelance\Sigma_Embedded\Github_Repo\Sigma_Tech_Projects\UART_Xmodem_Bootloader\Bootloader\STM32_Cryptographic\lib\libSTM32Cryptographic_CM33.a(cmox_init.c.o)

.debug_frame    0x0000000000000000     0x3558
 .debug_frame   0x0000000000000000      0x128 ./Core/Src/SIGMA_iflash.o
 .debug_frame   0x0000000000000128       0xa8 ./Core/Src/SIGMA_main.o
 .debug_frame   0x00000000000001d0       0x7c ./Core/Src/SIGMA_uart.o
 .debug_frame   0x000000000000024c       0xb8 ./Core/Src/SIGMA_xmodem.o
 .debug_frame   0x0000000000000304       0x78 ./Core/Src/hashcheck.o
 .debug_frame   0x000000000000037c       0x84 ./Core/Src/stm32l5xx_hal_msp.o
 .debug_frame   0x0000000000000400      0x120 ./Core/Src/stm32l5xx_it.o
 .debug_frame   0x0000000000000520       0x58 ./Core/Src/system_stm32l5xx.o
 .debug_frame   0x0000000000000578      0x4a4 ./Drivers/STM32L5xx_HAL_Driver/Src/stm32l5xx_hal.o
 .debug_frame   0x0000000000000a1c      0x558 ./Drivers/STM32L5xx_HAL_Driver/Src/stm32l5xx_hal_cortex.o
 .debug_frame   0x0000000000000f74      0x29c ./Drivers/STM32L5xx_HAL_Driver/Src/stm32l5xx_hal_dma.o
 .debug_frame   0x0000000000001210      0x1e8 ./Drivers/STM32L5xx_HAL_Driver/Src/stm32l5xx_hal_flash.o
 .debug_frame   0x00000000000013f8      0x2bc ./Drivers/STM32L5xx_HAL_Driver/Src/stm32l5xx_hal_flash_ex.o
 .debug_frame   0x00000000000016b4      0x174 ./Drivers/STM32L5xx_HAL_Driver/Src/stm32l5xx_hal_gpio.o
 .debug_frame   0x0000000000001828      0x6fc ./Drivers/STM32L5xx_HAL_Driver/Src/stm32l5xx_hal_pwr_ex.o
 .debug_frame   0x0000000000001f24      0x298 ./Drivers/STM32L5xx_HAL_Driver/Src/stm32l5xx_hal_rcc.o
 .debug_frame   0x00000000000021bc      0x48c ./Drivers/STM32L5xx_HAL_Driver/Src/stm32l5xx_hal_rcc_ex.o
 .debug_frame   0x0000000000002648      0xa94 ./Drivers/STM32L5xx_HAL_Driver/Src/stm32l5xx_hal_uart.o
 .debug_frame   0x00000000000030dc      0x2c0 ./Drivers/STM32L5xx_HAL_Driver/Src/stm32l5xx_hal_uart_ex.o
 .debug_frame   0x000000000000339c       0x7c ./STM32_Cryptographic/legacy_v3/src/hash/legacy_v3_sha256.o
 .debug_frame   0x0000000000003418       0x20 c:/st/stm32cubeide_1.11.2/stm32cubeide/plugins/com.st.stm32cube.ide.mcu.externaltools.gnu-tools-for-stm32.10.3-2021.10.win32_1.0.100.202210260954/tools/bin/../lib/gcc/arm-none-eabi/10.3.1/../../../../arm-none-eabi/lib/thumb/v8-m.main+fp/hard\libc_nano.a(lib_a-aeabi_memclr.o)
 .debug_frame   0x0000000000003438       0x20 c:/st/stm32cubeide_1.11.2/stm32cubeide/plugins/com.st.stm32cube.ide.mcu.externaltools.gnu-tools-for-stm32.10.3-2021.10.win32_1.0.100.202210260954/tools/bin/../lib/gcc/arm-none-eabi/10.3.1/../../../../arm-none-eabi/lib/thumb/v8-m.main+fp/hard\libc_nano.a(lib_a-aeabi_memcpy.o)
 .debug_frame   0x0000000000003458       0x2c c:/st/stm32cubeide_1.11.2/stm32cubeide/plugins/com.st.stm32cube.ide.mcu.externaltools.gnu-tools-for-stm32.10.3-2021.10.win32_1.0.100.202210260954/tools/bin/../lib/gcc/arm-none-eabi/10.3.1/../../../../arm-none-eabi/lib/thumb/v8-m.main+fp/hard\libc_nano.a(lib_a-init.o)
 .debug_frame   0x0000000000003484       0x28 c:/st/stm32cubeide_1.11.2/stm32cubeide/plugins/com.st.stm32cube.ide.mcu.externaltools.gnu-tools-for-stm32.10.3-2021.10.win32_1.0.100.202210260954/tools/bin/../lib/gcc/arm-none-eabi/10.3.1/../../../../arm-none-eabi/lib/thumb/v8-m.main+fp/hard\libc_nano.a(lib_a-memcmp.o)
 .debug_frame   0x00000000000034ac       0x28 c:/st/stm32cubeide_1.11.2/stm32cubeide/plugins/com.st.stm32cube.ide.mcu.externaltools.gnu-tools-for-stm32.10.3-2021.10.win32_1.0.100.202210260954/tools/bin/../lib/gcc/arm-none-eabi/10.3.1/../../../../arm-none-eabi/lib/thumb/v8-m.main+fp/hard\libc_nano.a(lib_a-memcpy-stub.o)
 .debug_frame   0x00000000000034d4       0x20 c:/st/stm32cubeide_1.11.2/stm32cubeide/plugins/com.st.stm32cube.ide.mcu.externaltools.gnu-tools-for-stm32.10.3-2021.10.win32_1.0.100.202210260954/tools/bin/../lib/gcc/arm-none-eabi/10.3.1/../../../../arm-none-eabi/lib/thumb/v8-m.main+fp/hard\libc_nano.a(lib_a-memset.o)
 .debug_frame   0x00000000000034f4       0x2c c:/st/stm32cubeide_1.11.2/stm32cubeide/plugins/com.st.stm32cube.ide.mcu.externaltools.gnu-tools-for-stm32.10.3-2021.10.win32_1.0.100.202210260954/tools/bin/../lib/gcc/arm-none-eabi/10.3.1/thumb/v8-m.main+fp/hard\libgcc.a(_aeabi_uldivmod.o)
 .debug_frame   0x0000000000003520       0x38 c:/st/stm32cubeide_1.11.2/stm32cubeide/plugins/com.st.stm32cube.ide.mcu.externaltools.gnu-tools-for-stm32.10.3-2021.10.win32_1.0.100.202210260954/tools/bin/../lib/gcc/arm-none-eabi/10.3.1/thumb/v8-m.main+fp/hard\libgcc.a(_udivmoddi4.o)