../Drivers/CMSIS/Include/core_cm33.h:2448:34:__NVIC_SystemReset	4	static,ignoring_inline_asm
../Core/Src/SIGMA_main.c:67:5:main	8	static
../Core/Src/SIGMA_main.c:117:6:SystemClock_Config	104	static
../Core/Src/SIGMA_main.c:168:13:MX_LPUART1_UART_Init	8	static
../Core/Src/SIGMA_main.c:216:13:MX_GPIO_Init	16	static
../Core/Src/SIGMA_main.c:232:13:SIGMA_Uart_Transmit_str	24	static
../Core/Src/SIGMA_main.c:257:13:SIGMA_Uart_Receive	24	static
../Core/Src/SIGMA_main.c:274:6:Error_Handler	4	static,ignoring_inline_asm
